Archive member included to satisfy reference by file (symbol)

C:/Users/igorp/.pico-sdk/toolchain/13_3_Rel1/bin/../lib/gcc/arm-none-eabi/13.3.1/thumb/v6-m/nofp\libgcc.a(_dvmd_tls.o)
                              CMakeFiles/blink.dir/C_/Users/igorp/.pico-sdk/sdk/2.1.0/src/rp2_common/pico_divider/divider_hardware.S.obj (__aeabi_idiv0)
C:/Users/igorp/.pico-sdk/toolchain/13_3_Rel1/bin/../lib/gcc/arm-none-eabi/13.3.1/thumb/v6-m/nofp\libg.a(libc_a-calloc.o)
                              CMakeFiles/blink.dir/C_/Users/igorp/.pico-sdk/sdk/2.1.0/src/rp2_common/pico_malloc/malloc.c.obj (calloc)
C:/Users/igorp/.pico-sdk/toolchain/13_3_Rel1/bin/../lib/gcc/arm-none-eabi/13.3.1/thumb/v6-m/nofp\libg.a(libc_a-callocr.o)
                              C:/Users/igorp/.pico-sdk/toolchain/13_3_Rel1/bin/../lib/gcc/arm-none-eabi/13.3.1/thumb/v6-m/nofp\libg.a(libc_a-calloc.o) (_calloc_r)
C:/Users/igorp/.pico-sdk/toolchain/13_3_Rel1/bin/../lib/gcc/arm-none-eabi/13.3.1/thumb/v6-m/nofp\libg.a(libc_a-malloc.o)
                              CMakeFiles/blink.dir/C_/Users/igorp/.pico-sdk/sdk/2.1.0/src/rp2_common/pico_malloc/malloc.c.obj (malloc)
C:/Users/igorp/.pico-sdk/toolchain/13_3_Rel1/bin/../lib/gcc/arm-none-eabi/13.3.1/thumb/v6-m/nofp\libg.a(libc_a-mallocr.o)
                              C:/Users/igorp/.pico-sdk/toolchain/13_3_Rel1/bin/../lib/gcc/arm-none-eabi/13.3.1/thumb/v6-m/nofp\libg.a(libc_a-callocr.o) (_malloc_r)
C:/Users/igorp/.pico-sdk/toolchain/13_3_Rel1/bin/../lib/gcc/arm-none-eabi/13.3.1/thumb/v6-m/nofp\libg.a(libc_a-mlock.o)
                              C:/Users/igorp/.pico-sdk/toolchain/13_3_Rel1/bin/../lib/gcc/arm-none-eabi/13.3.1/thumb/v6-m/nofp\libg.a(libc_a-mallocr.o) (__malloc_lock)
C:/Users/igorp/.pico-sdk/toolchain/13_3_Rel1/bin/../lib/gcc/arm-none-eabi/13.3.1/thumb/v6-m/nofp\libg.a(libc_a-realloc.o)
                              CMakeFiles/blink.dir/C_/Users/igorp/.pico-sdk/sdk/2.1.0/src/rp2_common/pico_malloc/malloc.c.obj (realloc)
C:/Users/igorp/.pico-sdk/toolchain/13_3_Rel1/bin/../lib/gcc/arm-none-eabi/13.3.1/thumb/v6-m/nofp\libg.a(libc_a-reallocr.o)
                              C:/Users/igorp/.pico-sdk/toolchain/13_3_Rel1/bin/../lib/gcc/arm-none-eabi/13.3.1/thumb/v6-m/nofp\libg.a(libc_a-realloc.o) (_realloc_r)
C:/Users/igorp/.pico-sdk/toolchain/13_3_Rel1/bin/../lib/gcc/arm-none-eabi/13.3.1/thumb/v6-m/nofp\libg.a(libc_a-memcmp.o)
                              CMakeFiles/blink.dir/C_/Users/igorp/.pico-sdk/sdk/2.1.0/src/rp2_common/pico_atomic/atomic.c.obj (memcmp)
C:/Users/igorp/.pico-sdk/toolchain/13_3_Rel1/bin/../lib/gcc/arm-none-eabi/13.3.1/thumb/v6-m/nofp\libg.a(libc_a-memmove.o)
                              CMakeFiles/blink.dir/C_/Users/igorp/.pico-sdk/sdk/2.1.0/lib/cyw43-driver/src/cyw43_ll.c.obj (memmove)
C:/Users/igorp/.pico-sdk/toolchain/13_3_Rel1/bin/../lib/gcc/arm-none-eabi/13.3.1/thumb/v6-m/nofp\libg.a(libc_a-strncmp.o)
                              CMakeFiles/blink.dir/C_/Users/igorp/.pico-sdk/sdk/2.1.0/lib/cyw43-driver/src/cyw43_ll.c.obj (strncmp)
C:/Users/igorp/.pico-sdk/toolchain/13_3_Rel1/bin/../lib/gcc/arm-none-eabi/13.3.1/thumb/v6-m/nofp\libg.a(libc_a-lcltime_r.o)
                              CMakeFiles/blink.dir/C_/Users/igorp/.pico-sdk/sdk/2.1.0/src/common/pico_util/datetime.c.obj (localtime_r)
C:/Users/igorp/.pico-sdk/toolchain/13_3_Rel1/bin/../lib/gcc/arm-none-eabi/13.3.1/thumb/v6-m/nofp\libg.a(libc_a-mktime.o)
                              CMakeFiles/blink.dir/C_/Users/igorp/.pico-sdk/sdk/2.1.0/src/common/pico_util/datetime.c.obj (mktime)
C:/Users/igorp/.pico-sdk/toolchain/13_3_Rel1/bin/../lib/gcc/arm-none-eabi/13.3.1/thumb/v6-m/nofp\libg.a(libc_a-month_lengths.o)
                              C:/Users/igorp/.pico-sdk/toolchain/13_3_Rel1/bin/../lib/gcc/arm-none-eabi/13.3.1/thumb/v6-m/nofp\libg.a(libc_a-lcltime_r.o) (__month_lengths)
C:/Users/igorp/.pico-sdk/toolchain/13_3_Rel1/bin/../lib/gcc/arm-none-eabi/13.3.1/thumb/v6-m/nofp\libg.a(libc_a-tzcalc_limits.o)
                              C:/Users/igorp/.pico-sdk/toolchain/13_3_Rel1/bin/../lib/gcc/arm-none-eabi/13.3.1/thumb/v6-m/nofp\libg.a(libc_a-lcltime_r.o) (__tzcalc_limits)
C:/Users/igorp/.pico-sdk/toolchain/13_3_Rel1/bin/../lib/gcc/arm-none-eabi/13.3.1/thumb/v6-m/nofp\libg.a(libc_a-tzlock.o)
                              C:/Users/igorp/.pico-sdk/toolchain/13_3_Rel1/bin/../lib/gcc/arm-none-eabi/13.3.1/thumb/v6-m/nofp\libg.a(libc_a-lcltime_r.o) (__tz_lock)
C:/Users/igorp/.pico-sdk/toolchain/13_3_Rel1/bin/../lib/gcc/arm-none-eabi/13.3.1/thumb/v6-m/nofp\libg.a(libc_a-tzset.o)
                              C:/Users/igorp/.pico-sdk/toolchain/13_3_Rel1/bin/../lib/gcc/arm-none-eabi/13.3.1/thumb/v6-m/nofp\libg.a(libc_a-lcltime_r.o) (_tzset_unlocked)
C:/Users/igorp/.pico-sdk/toolchain/13_3_Rel1/bin/../lib/gcc/arm-none-eabi/13.3.1/thumb/v6-m/nofp\libg.a(libc_a-tzset_r.o)
                              C:/Users/igorp/.pico-sdk/toolchain/13_3_Rel1/bin/../lib/gcc/arm-none-eabi/13.3.1/thumb/v6-m/nofp\libg.a(libc_a-tzset.o) (_tzset_unlocked_r)
[...]
Memory Configuration

Name             Origin             Length             Attributes
FLASH            0x10000000         0x00200000         xr
RAM              0x20000000         0x00040000         xrw
SCRATCH_X        0x20040000         0x00001000         xrw
SCRATCH_Y        0x20041000         0x00001000         xrw
*default*        0x00000000         0xffffffff

Linker script and memory map

LOAD C:/Users/igorp/.pico-sdk/toolchain/13_3_Rel1/bin/../lib/gcc/arm-none-eabi/13.3.1/thumb/v6-m/nofp/crti.o
LOAD C:/Users/igorp/.pico-sdk/toolchain/13_3_Rel1/bin/../lib/gcc/arm-none-eabi/13.3.1/thumb/v6-m/nofp/crtbegin.o
LOAD C:/Users/igorp/.pico-sdk/toolchain/13_3_Rel1/bin/../lib/gcc/arm-none-eabi/13.3.1/thumb/v6-m/nofp/crt0.o

.flash_begin    0x10000000        0x0
                0x10000000                        __flash_binary_start = .

.boot2          0x10000000      0x100
                0x10000000                        __boot2_start__ = .
 *(.boot2)
 .boot2         0x10000000      0x100 pico-sdk/src/rp2040/boot_stage2/CMakeFiles/bs2_default_library.dir/./bs2_default_padded_checksummed.S.obj
                0x10000100                        __boot2_end__ = .
                0x00000001                        ASSERT (((__boot2_end__ - __boot2_start__) == 0x100), ERROR: Pico second stage bootloader must be 256 bytes in size)

.text           0x10000100     0x7a9c
                0x10000100                        __logical_binary_start = .
 *(.vectors)
 .vectors       0x10000100       0xd4 CMakeFiles/blink.dir/C_/Users/igorp/.pico-sdk/sdk/2.1.0/src/rp2_common/pico_crt0/crt0.S.obj
                0x10000100                __VECTOR_TABLE
                0x10000100                __vectors
                0x100001c0                isr_invalid
                0x100001c0                __default_isrs_start
                0x100001c2                isr_nmi
                0x100001c4                isr_hardfault
                0x100001c6                isr_svcall
                0x100001c8                isr_pendsv
                0x100001ca                isr_systick
                0x100001cc                isr_irq23
                0x100001cc                isr_irq18
                0x100001cc                isr_irq11
                0x100001cc                isr_irq28
                0x100001cc                isr_irq19
                0x100001cc                isr_irq0
                0x100001cc                isr_irq6
                0x100001cc                isr_irq5
                0x100001cc                isr_irq12
                0x100001cc                isr_irq22
                0x100001cc                isr_irq31
                0x100001cc                isr_irq17
                0x100001cc                isr_irq27
                0x100001cc                isr_irq30
                0x100001cc                isr_irq2
                0x100001cc                isr_irq10
                0x100001cc                isr_irq8
                0x100001cc                isr_irq24
                0x100001cc                isr_irq1
                0x100001cc                isr_irq7
                0x100001cc                isr_irq21
                0x100001cc                isr_irq20
                0x100001cc                isr_irq15
                0x100001cc                isr_irq25
                0x100001cc                isr_irq13
                0x100001cc                __unhandled_user_irq
                0x100001cc                isr_irq4
                0x100001cc                isr_irq16
                0x100001cc                isr_irq29
                0x100001cc                isr_irq26
                0x100001cc                __default_isrs_end
                0x100001cc                isr_irq3
                0x100001cc                isr_irq14
                0x100001cc                isr_irq9
                0x100001d2                unhandled_user_irq_num_in_r0
 *(.binary_info_header)
 .binary_info_header
                0x100001d4       0x14 CMakeFiles/blink.dir/C_/Users/igorp/.pico-sdk/sdk/2.1.0/src/rp2_common/pico_crt0/crt0.S.obj
                0x100001e8                        __binary_info_header_end = .
 *(.embedded_block)
                0x100001e8                        __embedded_block_end = .
 *(.reset)
 .reset         0x100001e8       0x9c CMakeFiles/blink.dir/C_/Users/igorp/.pico-sdk/sdk/2.1.0/src/rp2_common/pico_crt0/crt0.S.obj
                0x100001e8                _entry_point
 *(.init)
 .init          0x10000284        0x4 C:/Users/igorp/.pico-sdk/toolchain/13_3_Rel1/bin/../lib/gcc/arm-none-eabi/13.3.1/thumb/v6-m/nofp/crti.o
                0x10000284                _init
 *(EXCLUDE_FILE(*libm.a: *libc.a:*lib_a-mem*.o *libgcc.a:) .text*)
 .text.register_tm_clones
                0x10000288       0x28 C:/Users/igorp/.pico-sdk/toolchain/13_3_Rel1/bin/../lib/gcc/arm-none-eabi/13.3.1/thumb/v6-m/nofp/crtbegin.o
 .text.frame_dummy
                0x100002b0       0x24 C:/Users/igorp/.pico-sdk/toolchain/13_3_Rel1/bin/../lib/gcc/arm-none-eabi/13.3.1/thumb/v6-m/nofp/crtbegin.o
 .text.startup.main
                0x100002d4       0x30 CMakeFiles/blink.dir/blink.c.obj
                0x100002d4                main
 .text.gpio_set_function
                0x10000304       0x34 CMakeFiles/blink.dir/C_/Users/igorp/.pico-sdk/sdk/2.1.0/src/rp2_common/hardware_gpio/gpio.c.obj
                0x10000304                gpio_set_function
 .text.gpio_set_pulls
                0x10000338       0x28 CMakeFiles/blink.dir/C_/Users/igorp/.pico-sdk/sdk/2.1.0/src/rp2_common/hardware_gpio/gpio.c.obj
                0x10000338                gpio_set_pulls
 .text.gpio_set_input_hysteresis_enabled
                0x10000360       0x28 CMakeFiles/blink.dir/C_/Users/igorp/.pico-sdk/sdk/2.1.0/src/rp2_common/hardware_gpio/gpio.c.obj
                0x10000360                gpio_set_input_hysteresis_enabled
 .text.gpio_set_irq_enabled
                0x10000388       0x58 CMakeFiles/blink.dir/C_/Users/igorp/.pico-sdk/sdk/2.1.0/src/rp2_common/hardware_gpio/gpio.c.obj
                0x10000388                gpio_set_irq_enabled
 .text.gpio_add_raw_irq_handler_with_order_priority_masked
                0x100003e0       0x44 CMakeFiles/blink.dir/C_/Users/igorp/.pico-sdk/sdk/2.1.0/src/rp2_common/hardware_gpio/gpio.c.obj
                0x100003e0                gpio_add_raw_irq_handler_with_order_priority_masked
 .text.gpio_remove_raw_irq_handler_masked
                0x10000424       0x20 CMakeFiles/blink.dir/C_/Users/igorp/.pico-sdk/sdk/2.1.0/src/rp2_common/hardware_gpio/gpio.c.obj
                0x10000424                gpio_remove_raw_irq_handler_masked
 .text.gpio_init
                0x10000444       0x40 CMakeFiles/blink.dir/C_/Users/igorp/.pico-sdk/sdk/2.1.0/src/rp2_common/hardware_gpio/gpio.c.obj
                0x10000444                gpio_init
 .text.panic    0x10000484       0x30 CMakeFiles/blink.dir/C_/Users/igorp/.pico-sdk/sdk/2.1.0/src/rp2_common/pico_platform_panic/panic.c.obj
                0x10000484                panic
 .text.hw_claim_lock
                0x100004b4       0x18 CMakeFiles/blink.dir/C_/Users/igorp/.pico-sdk/sdk/2.1.0/src/common/hardware_claim/claim.c.obj
                0x100004b4                hw_claim_lock
 .text.hw_claim_unlock
                0x100004cc       0x14 CMakeFiles/blink.dir/C_/Users/igorp/.pico-sdk/sdk/2.1.0/src/common/hardware_claim/claim.c.obj
                0x100004cc                hw_claim_unlock
 .text.hw_claim_or_assert
                0x100004e0       0x44 CMakeFiles/blink.dir/C_/Users/igorp/.pico-sdk/sdk/2.1.0/src/common/hardware_claim/claim.c.obj
                0x100004e0                hw_claim_or_assert
 .text.hw_claim_unused_from_range
                0x10000524       0x9c CMakeFiles/blink.dir/C_/Users/igorp/.pico-sdk/sdk/2.1.0/src/common/hardware_claim/claim.c.obj
                0x10000524                hw_claim_unused_from_range
 .text.hw_claim_clear
                0x100005c0       0x38 CMakeFiles/blink.dir/C_/Users/igorp/.pico-sdk/sdk/2.1.0/src/common/hardware_claim/claim.c.obj
                0x100005c0                hw_claim_clear
 .text.next_striped_spin_lock_num
                0x100005f8       0x18 CMakeFiles/blink.dir/C_/Users/igorp/.pico-sdk/sdk/2.1.0/src/rp2_common/hardware_sync/sync.c.obj
                0x100005f8                next_striped_spin_lock_num
 .text.spin_locks_reset
                0x10000610       0x1c CMakeFiles/blink.dir/C_/Users/igorp/.pico-sdk/sdk/2.1.0/src/rp2_common/hardware_sync_spin_lock/sync_spin_lock.c.obj
                0x10000610                spin_locks_reset
 .text.runtime_init_per_core_irq_priorities
                0x1000062c       0x24 CMakeFiles/blink.dir/C_/Users/igorp/.pico-sdk/sdk/2.1.0/src/rp2_common/hardware_irq/irq.c.obj
                0x1000062c                runtime_init_per_core_irq_priorities
 .text.irq_set_enabled
                0x10000650       0x24 CMakeFiles/blink.dir/C_/Users/igorp/.pico-sdk/sdk/2.1.0/src/rp2_common/hardware_irq/irq.c.obj
                0x10000650                irq_set_enabled
 .text.irq_set_pending
                0x10000674       0x10 CMakeFiles/blink.dir/C_/Users/igorp/.pico-sdk/sdk/2.1.0/src/rp2_common/hardware_irq/irq.c.obj
                0x10000674                irq_set_pending
 .text.irq_set_exclusive_handler
                0x10000684       0x54 CMakeFiles/blink.dir/C_/Users/igorp/.pico-sdk/sdk/2.1.0/src/rp2_common/hardware_irq/irq.c.obj
                0x10000684                irq_set_exclusive_handler
 .text.irq_add_shared_handler
                0x100006d8      0x1f4 CMakeFiles/blink.dir/C_/Users/igorp/.pico-sdk/sdk/2.1.0/src/rp2_common/hardware_irq/irq.c.obj
                0x100006d8                irq_add_shared_handler
 .text.irq_remove_handler
                0x100008cc      0x1d4 CMakeFiles/blink.dir/C_/Users/igorp/.pico-sdk/sdk/2.1.0/src/rp2_common/hardware_irq/irq.c.obj
                0x100008cc                irq_remove_handler
 .text.irq_set_priority
                0x10000aa0       0x28 CMakeFiles/blink.dir/C_/Users/igorp/.pico-sdk/sdk/2.1.0/src/rp2_common/hardware_irq/irq.c.obj
                0x10000aa0                irq_set_priority
 .text.irq_add_tail_to_free_list
                0x10000ac8       0xb4 CMakeFiles/blink.dir/C_/Users/igorp/.pico-sdk/sdk/2.1.0/src/rp2_common/hardware_irq/irq.c.obj
                0x10000ac8                irq_add_tail_to_free_list
 .text.user_irq_unclaim
                0x10000b7c       0x14 CMakeFiles/blink.dir/C_/Users/igorp/.pico-sdk/sdk/2.1.0/src/rp2_common/hardware_irq/irq.c.obj
                0x10000b7c                user_irq_unclaim
 .text.user_irq_claim_unused
                0x10000b90       0x2c CMakeFiles/blink.dir/C_/Users/igorp/.pico-sdk/sdk/2.1.0/src/rp2_common/hardware_irq/irq.c.obj
                0x10000b90                user_irq_claim_unused
 .text.sem_init
                0x10000bbc       0x20 CMakeFiles/blink.dir/C_/Users/igorp/.pico-sdk/sdk/2.1.0/src/common/pico_sync/sem.c.obj
                0x10000bbc                sem_init
 .text.lock_init
                0x10000bdc       0x10 CMakeFiles/blink.dir/C_/Users/igorp/.pico-sdk/sdk/2.1.0/src/common/pico_sync/lock_core.c.obj
                0x10000bdc                lock_init
 .text.runtime_init_mutex
                0x10000bec       0x50 CMakeFiles/blink.dir/C_/Users/igorp/.pico-sdk/sdk/2.1.0/src/common/pico_sync/mutex.c.obj
                0x10000bec                runtime_init_mutex
 .text.recursive_mutex_init
                0x10000c3c       0x1c CMakeFiles/blink.dir/C_/Users/igorp/.pico-sdk/sdk/2.1.0/src/common/pico_sync/mutex.c.obj
                0x10000c3c                recursive_mutex_init
 .text.sleep_until_callback
                0x10000c58       0x30 CMakeFiles/blink.dir/C_/Users/igorp/.pico-sdk/sdk/2.1.0/src/common/pico_time/time.c.obj
 .text.alarm_pool_irq_handler
                0x10000c88      0x2fc CMakeFiles/blink.dir/C_/Users/igorp/.pico-sdk/sdk/2.1.0/src/common/pico_time/time.c.obj
 .text.runtime_init_default_alarm_pool
                0x10000f84       0xdc CMakeFiles/blink.dir/C_/Users/igorp/.pico-sdk/sdk/2.1.0/src/common/pico_time/time.c.obj
                0x10000f84                runtime_init_default_alarm_pool
 .text.alarm_pool_get_default
                0x10001060        0x8 CMakeFiles/blink.dir/C_/Users/igorp/.pico-sdk/sdk/2.1.0/src/common/pico_time/time.c.obj
                0x10001060                alarm_pool_get_default
 .text.alarm_pool_add_alarm_at
                0x10001068       0xd4 CMakeFiles/blink.dir/C_/Users/igorp/.pico-sdk/sdk/2.1.0/src/common/pico_time/time.c.obj
                0x10001068                alarm_pool_add_alarm_at
 .text.alarm_pool_add_alarm_at_force_in_context
                0x1000113c       0xb0 CMakeFiles/blink.dir/C_/Users/igorp/.pico-sdk/sdk/2.1.0/src/common/pico_time/time.c.obj
                0x1000113c                alarm_pool_add_alarm_at_force_in_context
 .text.alarm_pool_cancel_alarm
                0x100011ec       0x74 CMakeFiles/blink.dir/C_/Users/igorp/.pico-sdk/sdk/2.1.0/src/common/pico_time/time.c.obj
                0x100011ec                alarm_pool_cancel_alarm
 .text.sleep_until
                0x10001260       0xd8 CMakeFiles/blink.dir/C_/Users/igorp/.pico-sdk/sdk/2.1.0/src/common/pico_time/time.c.obj
                0x10001260                sleep_until
 .text.sleep_ms
                0x10001338       0x38 CMakeFiles/blink.dir/C_/Users/igorp/.pico-sdk/sdk/2.1.0/src/common/pico_time/time.c.obj
                0x10001338                sleep_ms
 .text.best_effort_wfe_or_timeout
                0x10001370       0xe0 CMakeFiles/blink.dir/C_/Users/igorp/.pico-sdk/sdk/2.1.0/src/common/pico_time/time.c.obj
                0x10001370                best_effort_wfe_or_timeout
 .text.timer_hardware_alarm_claim
                0x10001450       0x14 CMakeFiles/blink.dir/C_/Users/igorp/.pico-sdk/sdk/2.1.0/src/rp2_common/hardware_timer/timer.c.obj
                0x10001450                timer_hardware_alarm_claim
 .text.timer_time_us_64
                0x10001464       0x10 CMakeFiles/blink.dir/C_/Users/igorp/.pico-sdk/sdk/2.1.0/src/rp2_common/hardware_timer/timer.c.obj
                0x10001464                timer_time_us_64
 .text.time_us_64
                0x10001474       0x14 CMakeFiles/blink.dir/C_/Users/igorp/.pico-sdk/sdk/2.1.0/src/rp2_common/hardware_timer/timer.c.obj
                0x10001474                time_us_64
 .text.busy_wait_until
                0x10001488       0x20 CMakeFiles/blink.dir/C_/Users/igorp/.pico-sdk/sdk/2.1.0/src/rp2_common/hardware_timer/timer.c.obj
                0x10001488                busy_wait_until
 .text.clock_configure_int_divider
                0x100014a8       0xf4 CMakeFiles/blink.dir/C_/Users/igorp/.pico-sdk/sdk/2.1.0/src/rp2_common/hardware_clocks/clocks.c.obj
                0x100014a8                clock_configure_int_divider
 .text.clock_configure_undivided
                0x1000159c       0xe8 CMakeFiles/blink.dir/C_/Users/igorp/.pico-sdk/sdk/2.1.0/src/rp2_common/hardware_clocks/clocks.c.obj
                0x1000159c                clock_configure_undivided
 .text.clock_get_hz
                0x10001684        0xc CMakeFiles/blink.dir/C_/Users/igorp/.pico-sdk/sdk/2.1.0/src/rp2_common/hardware_clocks/clocks.c.obj
                0x10001684                clock_get_hz
 .text.pll_init
                0x10001690       0xa4 CMakeFiles/blink.dir/C_/Users/igorp/.pico-sdk/sdk/2.1.0/src/rp2_common/hardware_pll/pll.c.obj
                0x10001690                pll_init
 .text.tick_start
                0x10001734       0x10 CMakeFiles/blink.dir/C_/Users/igorp/.pico-sdk/sdk/2.1.0/src/rp2_common/hardware_ticks/ticks.c.obj
                0x10001734                tick_start
 .text.rom_func_lookup
                0x10001744       0x10 CMakeFiles/blink.dir/C_/Users/igorp/.pico-sdk/sdk/2.1.0/src/rp2_common/pico_bootrom/bootrom.c.obj
                0x10001744                rom_func_lookup
 .text.rom_data_lookup
                0x10001754       0x10 CMakeFiles/blink.dir/C_/Users/igorp/.pico-sdk/sdk/2.1.0/src/rp2_common/pico_bootrom/bootrom.c.obj
                0x10001754                rom_data_lookup
 .text.rom_funcs_lookup
                0x10001764       0x44 CMakeFiles/blink.dir/C_/Users/igorp/.pico-sdk/sdk/2.1.0/src/rp2_common/pico_bootrom/bootrom.c.obj
                0x10001764                rom_funcs_lookup
 .text.xosc_init
                0x100017a8       0x28 CMakeFiles/blink.dir/C_/Users/igorp/.pico-sdk/sdk/2.1.0/src/rp2_common/hardware_xosc/xosc.c.obj
                0x100017a8                xosc_init
 .text.first_per_core_initializer
                0x100017d0        0x4 CMakeFiles/blink.dir/C_/Users/igorp/.pico-sdk/sdk/2.1.0/src/rp2_common/pico_runtime/runtime.c.obj
 .text.hard_assertion_failure
                0x100017d4        0xc CMakeFiles/blink.dir/C_/Users/igorp/.pico-sdk/sdk/2.1.0/src/rp2_common/pico_runtime/runtime.c.obj
                0x100017d4                hard_assertion_failure
 .text.runtime_run_initializers
                0x100017e0       0x28 CMakeFiles/blink.dir/C_/Users/igorp/.pico-sdk/sdk/2.1.0/src/rp2_common/pico_runtime/runtime.c.obj
                0x100017e0                runtime_run_initializers
 .text.runtime_init_early_resets
                0x10001808       0x2c CMakeFiles/blink.dir/C_/Users/igorp/.pico-sdk/sdk/2.1.0/src/rp2_common/pico_runtime_init/runtime_init.c.obj
                0x10001808                runtime_init_early_resets
 .text.runtime_init_usb_power_down
                0x10001834       0x1c CMakeFiles/blink.dir/C_/Users/igorp/.pico-sdk/sdk/2.1.0/src/rp2_common/pico_runtime_init/runtime_init.c.obj
                0x10001834                runtime_init_usb_power_down
 .text.runtime_init_post_clock_resets
                0x10001850       0x20 CMakeFiles/blink.dir/C_/Users/igorp/.pico-sdk/sdk/2.1.0/src/rp2_common/pico_runtime_init/runtime_init.c.obj
                0x10001850                runtime_init_post_clock_resets
 .text.runtime_init_rp2040_gpio_ie_disable
                0x10001870       0x14 CMakeFiles/blink.dir/C_/Users/igorp/.pico-sdk/sdk/2.1.0/src/rp2_common/pico_runtime_init/runtime_init.c.obj
                0x10001870                runtime_init_rp2040_gpio_ie_disable
 .text.runtime_init_spin_locks_reset
                0x10001884        0x8 CMakeFiles/blink.dir/C_/Users/igorp/.pico-sdk/sdk/2.1.0/src/rp2_common/pico_runtime_init/runtime_init.c.obj
                0x10001884                runtime_init_spin_locks_reset
 .text.runtime_init_install_ram_vector_table
                0x1000188c       0x1c CMakeFiles/blink.dir/C_/Users/igorp/.pico-sdk/sdk/2.1.0/src/rp2_common/pico_runtime_init/runtime_init.c.obj
                0x1000188c                runtime_init_install_ram_vector_table
 .text.runtime_init_clocks
                0x100018a8       0xd8 CMakeFiles/blink.dir/C_/Users/igorp/.pico-sdk/sdk/2.1.0/src/rp2_common/pico_runtime_init/runtime_init_clocks.c.obj
                0x100018a8                runtime_init_clocks
 .text          0x10001980       0x10 CMakeFiles/blink.dir/C_/Users/igorp/.pico-sdk/sdk/2.1.0/src/rp2_common/pico_bit_ops/bit_ops_aeabi.S.obj
 .text.ctzsi    0x10001990        0xc CMakeFiles/blink.dir/C_/Users/igorp/.pico-sdk/sdk/2.1.0/src/rp2_common/pico_bit_ops/bit_ops_aeabi.S.obj
                0x10001990                __wrap___ctzsi2
 .text.__wrap___aeabi_idiv
                0x1000199c       0x50 CMakeFiles/blink.dir/C_/Users/igorp/.pico-sdk/sdk/2.1.0/src/rp2_common/pico_divider/divider_hardware.S.obj
                0x1000199c                __wrap___aeabi_idivmod
                0x1000199c                divmod_s32s32
                0x1000199c                div_s32s32
                0x1000199c                __wrap___aeabi_idiv
                0x100019a4                divmod_s32s32_unsafe
                0x100019d0                divmod_s32s32_savestate
 .text.__wrap___aeabi_uidiv
                0x100019ec       0x4c CMakeFiles/blink.dir/C_/Users/igorp/.pico-sdk/sdk/2.1.0/src/rp2_common/pico_divider/divider_hardware.S.obj
                0x100019ec                __wrap___aeabi_uidiv
                0x100019ec                __wrap___aeabi_uidivmod
                0x100019ec                div_u32u32
                0x100019ec                divmod_u32u32
                0x100019f4                divmod_u32u32_unsafe
                0x10001a1c                divmod_u32u32_savestate
 .text.__wrap___aeabi_ldiv
                0x10001a38      0x424 CMakeFiles/blink.dir/C_/Users/igorp/.pico-sdk/sdk/2.1.0/src/rp2_common/pico_divider/divider_hardware.S.obj
                0x10001a38                div_s64s64
                0x10001a38                divmod_s64s64
                0x10001a38                __wrap___aeabi_ldivmod
                0x10001a68                divmod_u64u64
                0x10001a68                div_u64u64
                0x10001a68                __wrap___aeabi_uldivmod
                0x10001a78                divmod_u64u64_savestate
                0x10001a98                divmod_s64s64_unsafe
                0x10001b20                divmod_u64u64_unsafe
 .text.__wrap___aeabi_darithmetic
                0x10001e5c       0x60 CMakeFiles/blink.dir/C_/Users/igorp/.pico-sdk/sdk/2.1.0/src/rp2_common/pico_double/double_aeabi_rp2040.S.obj
                0x10001e5c                __wrap___aeabi_drsub
                0x10001e62                __wrap___aeabi_dsub
                0x10001e6c                __wrap___aeabi_dadd
                0x10001e76                __wrap___aeabi_ddiv
                0x10001eaa                __wrap___aeabi_dmul
 .text.__wrap___aeabi_cdcmple
                0x10001ebc       0x6c CMakeFiles/blink.dir/C_/Users/igorp/.pico-sdk/sdk/2.1.0/src/rp2_common/pico_double/double_aeabi_rp2040.S.obj
                0x10001ebc                __wrap___aeabi_cdrcmple
                0x10001ecc                __wrap___aeabi_cdcmpeq
                0x10001ecc                __wrap___aeabi_cdcmple
 .text.__wrap___aeabi_dcmplt
                0x10001f28        0xc CMakeFiles/blink.dir/C_/Users/igorp/.pico-sdk/sdk/2.1.0/src/rp2_common/pico_double/double_aeabi_rp2040.S.obj
                0x10001f28                __wrap___aeabi_dcmplt
 .text.__wrap___aeabi_dcmpge
                0x10001f34       0x10 CMakeFiles/blink.dir/C_/Users/igorp/.pico-sdk/sdk/2.1.0/src/rp2_common/pico_double/double_aeabi_rp2040.S.obj
                0x10001f34                __wrap___aeabi_dcmpge
 .text.__wrap___aeabi_dcmpgt
                0x10001f44        0xa CMakeFiles/blink.dir/C_/Users/igorp/.pico-sdk/sdk/2.1.0/src/rp2_common/pico_double/double_aeabi_rp2040.S.obj
                0x10001f44                __wrap___aeabi_dcmpgt
 .text.__wrap___aeabi_dcmpun
                0x10001f4e       0x18 CMakeFiles/blink.dir/C_/Users/igorp/.pico-sdk/sdk/2.1.0/src/rp2_common/pico_double/double_aeabi_rp2040.S.obj
                0x10001f4e                __wrap___aeabi_dcmpun
 *fill*         0x10001f66        0x2 
 .text.__wrap___aeabi_i2d
                0x10001f68       0x38 CMakeFiles/blink.dir/C_/Users/igorp/.pico-sdk/sdk/2.1.0/src/rp2_common/pico_double/double_aeabi_rp2040.S.obj
                0x10001f68                __wrap___aeabi_ui2d
                0x10001f70                __wrap___aeabi_i2d
 .text.__wrap___aeabi_d2iz
                0x10001fa0       0x48 CMakeFiles/blink.dir/C_/Users/igorp/.pico-sdk/sdk/2.1.0/src/rp2_common/pico_double/double_aeabi_rp2040.S.obj
                0x10001fa0                double2int_z
                0x10001fa0                __wrap___aeabi_d2iz
 .text.__wrap___aeabi_d2uiz
                0x10001fe8       0x10 CMakeFiles/blink.dir/C_/Users/igorp/.pico-sdk/sdk/2.1.0/src/rp2_common/pico_double/double_aeabi_rp2040.S.obj
                0x10001fe8                __wrap___aeabi_d2uiz
                0x10001fe8                double2uint
 .text.missing_double_func_shim
                0x10001ff8        0xc CMakeFiles/blink.dir/C_/Users/igorp/.pico-sdk/sdk/2.1.0/src/rp2_common/pico_double/double_init_rom_rp2040.c.obj
 .text.__aeabi_double_init
                0x10002004       0xa0 CMakeFiles/blink.dir/C_/Users/igorp/.pico-sdk/sdk/2.1.0/src/rp2_common/pico_double/double_init_rom_rp2040.c.obj
                0x10002004                __aeabi_double_init
 .text.double_table_shim_on_use_helper
                0x100020a4       0x2c CMakeFiles/blink.dir/C_/Users/igorp/.pico-sdk/sdk/2.1.0/src/rp2_common/pico_double/double_v1_rom_shim_rp2040.S.obj
                0x100020a4                double_table_shim_on_use_helper
 .text.__aeabi_lmul
                0x100020d0       0x32 CMakeFiles/blink.dir/C_/Users/igorp/.pico-sdk/sdk/2.1.0/src/rp2_common/pico_int64_ops/pico_int64_ops_aeabi.S.obj
                0x100020d0                __wrap___aeabi_lmul
 *fill*         0x10002102        0x2 
 .text.missing_float_func_shim
                0x10002104        0xc CMakeFiles/blink.dir/C_/Users/igorp/.pico-sdk/sdk/2.1.0/src/rp2_common/pico_float/float_init_rom_rp2040.c.obj
 .text.__aeabi_float_init
                0x10002110       0x5c CMakeFiles/blink.dir/C_/Users/igorp/.pico-sdk/sdk/2.1.0/src/rp2_common/pico_float/float_init_rom_rp2040.c.obj
                0x10002110                __aeabi_float_init
 .text          0x1000216c       0x10 CMakeFiles/blink.dir/C_/Users/igorp/.pico-sdk/sdk/2.1.0/src/rp2_common/pico_mem_ops/mem_ops_aeabi.S.obj
                0x1000216c                __aeabi_mem_init
 .text.memset   0x1000217c        0xc CMakeFiles/blink.dir/C_/Users/igorp/.pico-sdk/sdk/2.1.0/src/rp2_common/pico_mem_ops/mem_ops_aeabi.S.obj
                0x1000217c                __wrap_memset
 .text.memcpy   0x10002188        0xc CMakeFiles/blink.dir/C_/Users/igorp/.pico-sdk/sdk/2.1.0/src/rp2_common/pico_mem_ops/mem_ops_aeabi.S.obj
                0x10002188                __wrap_memcpy
                0x10002188                __wrap___aeabi_memcpy
 .text._out_null
                0x10002194        0x4 CMakeFiles/blink.dir/C_/Users/igorp/.pico-sdk/sdk/2.1.0/src/rp2_common/pico_printf/printf.c.obj
 .text._out_rev
                0x10002198       0xac CMakeFiles/blink.dir/C_/Users/igorp/.pico-sdk/sdk/2.1.0/src/rp2_common/pico_printf/printf.c.obj
 .text._ntoa_format
                0x10002244      0x250 CMakeFiles/blink.dir/C_/Users/igorp/.pico-sdk/sdk/2.1.0/src/rp2_common/pico_printf/printf.c.obj
 .text._out_char
                0x10002494       0x10 CMakeFiles/blink.dir/C_/Users/igorp/.pico-sdk/sdk/2.1.0/src/rp2_common/pico_printf/printf.c.obj
 .text._out_fct
                0x100024a4       0x10 CMakeFiles/blink.dir/C_/Users/igorp/.pico-sdk/sdk/2.1.0/src/rp2_common/pico_printf/printf.c.obj
 .text._etoa    0x100024b4      0x464 CMakeFiles/blink.dir/C_/Users/igorp/.pico-sdk/sdk/2.1.0/src/rp2_common/pico_printf/printf.c.obj
 .text._ftoa    0x10002918      0x3c0 CMakeFiles/blink.dir/C_/Users/igorp/.pico-sdk/sdk/2.1.0/src/rp2_common/pico_printf/printf.c.obj
 .text._vsnprintf
                0x10002cd8      0xbc8 CMakeFiles/blink.dir/C_/Users/igorp/.pico-sdk/sdk/2.1.0/src/rp2_common/pico_printf/printf.c.obj
 .text.vfctprintf
                0x100038a0       0x20 CMakeFiles/blink.dir/C_/Users/igorp/.pico-sdk/sdk/2.1.0/src/rp2_common/pico_printf/printf.c.obj
                0x100038a0                vfctprintf
 .text.weak_raw_vprintf
                0x100038c0       0x30 CMakeFiles/blink.dir/C_/Users/igorp/.pico-sdk/sdk/2.1.0/src/rp2_common/pico_printf/printf.c.obj
                0x100038c0                weak_raw_vprintf
 .text._exit    0x100038f0        0x4 CMakeFiles/blink.dir/C_/Users/igorp/.pico-sdk/sdk/2.1.0/src/rp2_common/pico_clib_interface/newlib_interface.c.obj
                0x100038f0                _exit
 .text.exit     0x100038f4        0x8 CMakeFiles/blink.dir/C_/Users/igorp/.pico-sdk/sdk/2.1.0/src/rp2_common/pico_clib_interface/newlib_interface.c.obj
                0x100038f4                exit
 .text.runtime_init
                0x100038fc       0x2c CMakeFiles/blink.dir/C_/Users/igorp/.pico-sdk/sdk/2.1.0/src/rp2_common/pico_clib_interface/newlib_interface.c.obj
                0x100038fc                runtime_init
 .text.stdio_out_chars_no_crlf
                0x10003928       0x10 CMakeFiles/blink.dir/C_/Users/igorp/.pico-sdk/sdk/2.1.0/src/rp2_common/pico_stdio/stdio.c.obj
 .text.stdio_out_chars_crlf
                0x10003938       0x94 CMakeFiles/blink.dir/C_/Users/igorp/.pico-sdk/sdk/2.1.0/src/rp2_common/pico_stdio/stdio.c.obj
 .text.stdio_buffered_printer
                0x100039cc       0x64 CMakeFiles/blink.dir/C_/Users/igorp/.pico-sdk/sdk/2.1.0/src/rp2_common/pico_stdio/stdio.c.obj
 .text.stdio_put_string
                0x10003a30      0x100 CMakeFiles/blink.dir/C_/Users/igorp/.pico-sdk/sdk/2.1.0/src/rp2_common/pico_stdio/stdio.c.obj
                0x10003a30                stdio_put_string
 .text.__wrap_putchar
                0x10003b30       0x98 CMakeFiles/blink.dir/C_/Users/igorp/.pico-sdk/sdk/2.1.0/src/rp2_common/pico_stdio/stdio.c.obj
                0x10003b30                __wrap_putchar
                0x10003b30                stdio_putchar
 .text.__wrap_puts
                0x10003bc8       0x3c CMakeFiles/blink.dir/C_/Users/igorp/.pico-sdk/sdk/2.1.0/src/rp2_common/pico_stdio/stdio.c.obj
                0x10003bc8                stdio_puts
                0x10003bc8                __wrap_puts
 .text.__wrap_vprintf
                0x10003c04       0xd4 CMakeFiles/blink.dir/C_/Users/igorp/.pico-sdk/sdk/2.1.0/src/rp2_common/pico_stdio/stdio.c.obj
                0x10003c04                stdio_vprintf
                0x10003c04                __wrap_vprintf
 .text.__wrap_printf
                0x10003cd8       0x18 CMakeFiles/blink.dir/C_/Users/igorp/.pico-sdk/sdk/2.1.0/src/rp2_common/pico_stdio/stdio.c.obj
                0x10003cd8                __wrap_printf
                0x10003cd8                stdio_printf
 .text.cyw43_arch_set_async_context
                0x10003cf0        0xc CMakeFiles/blink.dir/C_/Users/igorp/.pico-sdk/sdk/2.1.0/src/rp2_common/pico_cyw43_arch/cyw43_arch.c.obj
                0x10003cf0                cyw43_arch_set_async_context
 .text.cyw43_arch_gpio_put
                0x10003cfc       0x14 CMakeFiles/blink.dir/C_/Users/igorp/.pico-sdk/sdk/2.1.0/src/rp2_common/pico_cyw43_arch/cyw43_arch.c.obj
                0x10003cfc                cyw43_arch_gpio_put
 .text.cyw43_arch_async_context
                0x10003d10        0xc CMakeFiles/blink.dir/C_/Users/igorp/.pico-sdk/sdk/2.1.0/src/rp2_common/pico_cyw43_arch/cyw43_arch.c.obj
                0x10003d10                cyw43_arch_async_context
 .text.cyw43_arch_init
                0x10003d1c       0x64 CMakeFiles/blink.dir/C_/Users/igorp/.pico-sdk/sdk/2.1.0/src/rp2_common/pico_cyw43_arch/cyw43_arch_threadsafe_background.c.obj
                0x10003d1c                cyw43_arch_init
 .text.startup._retrieve_unique_id_on_boot
                0x10003d80       0x10 CMakeFiles/blink.dir/C_/Users/igorp/.pico-sdk/sdk/2.1.0/src/rp2_common/pico_unique_id/unique_id.c.obj
 .text.pico_get_unique_board_id
                0x10003d90       0x10 CMakeFiles/blink.dir/C_/Users/igorp/.pico-sdk/sdk/2.1.0/src/rp2_common/pico_unique_id/unique_id.c.obj
                0x10003d90                pico_get_unique_board_id
 .text.flash_get_unique_id
                0x10003da0       0x3c CMakeFiles/blink.dir/C_/Users/igorp/.pico-sdk/sdk/2.1.0/src/rp2_common/hardware_flash/flash.c.obj
                0x10003da0                flash_get_unique_id
 .text.ns_delay.constprop.0
                0x10003ddc       0x20 CMakeFiles/blink.dir/C_/Users/igorp/.pico-sdk/sdk/2.1.0/src/rp2_common/pico_cyw43_driver/cyw43_bus_pio_spi.c.obj
 .text.cyw43_spi_deinit
                0x10003dfc       0x6c CMakeFiles/blink.dir/C_/Users/igorp/.pico-sdk/sdk/2.1.0/src/rp2_common/pico_cyw43_driver/cyw43_bus_pio_spi.c.obj
                0x10003dfc                cyw43_spi_deinit
 .text.cyw43_spi_init
                0x10003e68      0x128 CMakeFiles/blink.dir/C_/Users/igorp/.pico-sdk/sdk/2.1.0/src/rp2_common/pico_cyw43_driver/cyw43_bus_pio_spi.c.obj
                0x10003e68                cyw43_spi_init
 .text.cyw43_spi_transfer
                0x10003f90      0x408 CMakeFiles/blink.dir/C_/Users/igorp/.pico-sdk/sdk/2.1.0/src/rp2_common/pico_cyw43_driver/cyw43_bus_pio_spi.c.obj
                0x10003f90                cyw43_spi_transfer
 .text.cyw43_spi_gpio_setup
                0x10004398       0x3c CMakeFiles/blink.dir/C_/Users/igorp/.pico-sdk/sdk/2.1.0/src/rp2_common/pico_cyw43_driver/cyw43_bus_pio_spi.c.obj
                0x10004398                cyw43_spi_gpio_setup
 .text.cyw43_spi_reset
                0x100043d4       0x28 CMakeFiles/blink.dir/C_/Users/igorp/.pico-sdk/sdk/2.1.0/src/rp2_common/pico_cyw43_driver/cyw43_bus_pio_spi.c.obj
                0x100043d4                cyw43_spi_reset
 .text.read_reg_u32_swap
                0x100043fc       0x3c CMakeFiles/blink.dir/C_/Users/igorp/.pico-sdk/sdk/2.1.0/src/rp2_common/pico_cyw43_driver/cyw43_bus_pio_spi.c.obj
                0x100043fc                read_reg_u32_swap
 .text.cyw43_read_reg_u32
                0x10004438       0x50 CMakeFiles/blink.dir/C_/Users/igorp/.pico-sdk/sdk/2.1.0/src/rp2_common/pico_cyw43_driver/cyw43_bus_pio_spi.c.obj
                0x10004438                cyw43_read_reg_u32
 .text.cyw43_read_reg_u16
                0x10004488       0x50 CMakeFiles/blink.dir/C_/Users/igorp/.pico-sdk/sdk/2.1.0/src/rp2_common/pico_cyw43_driver/cyw43_bus_pio_spi.c.obj
                0x10004488                cyw43_read_reg_u16
 .text.cyw43_read_reg_u8
                0x100044d8       0x50 CMakeFiles/blink.dir/C_/Users/igorp/.pico-sdk/sdk/2.1.0/src/rp2_common/pico_cyw43_driver/cyw43_bus_pio_spi.c.obj
                0x100044d8                cyw43_read_reg_u8
 .text.write_reg_u32_swap
                0x10004528      0x1fc CMakeFiles/blink.dir/C_/Users/igorp/.pico-sdk/sdk/2.1.0/src/rp2_common/pico_cyw43_driver/cyw43_bus_pio_spi.c.obj
                0x10004528                write_reg_u32_swap
 .text.cyw43_write_reg_u32
                0x10004724      0x21c CMakeFiles/blink.dir/C_/Users/igorp/.pico-sdk/sdk/2.1.0/src/rp2_common/pico_cyw43_driver/cyw43_bus_pio_spi.c.obj
                0x10004724                cyw43_write_reg_u32
 .text.cyw43_write_reg_u16
                0x10004940      0x21c CMakeFiles/blink.dir/C_/Users/igorp/.pico-sdk/sdk/2.1.0/src/rp2_common/pico_cyw43_driver/cyw43_bus_pio_spi.c.obj
                0x10004940                cyw43_write_reg_u16
 .text.cyw43_write_reg_u8
                0x10004b5c      0x21c CMakeFiles/blink.dir/C_/Users/igorp/.pico-sdk/sdk/2.1.0/src/rp2_common/pico_cyw43_driver/cyw43_bus_pio_spi.c.obj
                0x10004b5c                cyw43_write_reg_u8
 .text.cyw43_read_bytes
                0x10004d78       0x78 CMakeFiles/blink.dir/C_/Users/igorp/.pico-sdk/sdk/2.1.0/src/rp2_common/pico_cyw43_driver/cyw43_bus_pio_spi.c.obj
                0x10004d78                cyw43_read_bytes
 .text.cyw43_write_bytes
                0x10004df0       0xc0 CMakeFiles/blink.dir/C_/Users/igorp/.pico-sdk/sdk/2.1.0/src/rp2_common/pico_cyw43_driver/cyw43_bus_pio_spi.c.obj
                0x10004df0                cyw43_write_bytes
 .text.cyw43_set_backplane_window
                0x10004eb0       0x68 CMakeFiles/blink.dir/C_/Users/igorp/.pico-sdk/sdk/2.1.0/lib/cyw43-driver/src/cyw43_ll.c.obj
 .text.cyw43_ll_parse_async_event
                0x10004f18      0x134 CMakeFiles/blink.dir/C_/Users/igorp/.pico-sdk/sdk/2.1.0/lib/cyw43-driver/src/cyw43_ll.c.obj
 .text.cyw43_kso_set
                0x1000504c       0x80 CMakeFiles/blink.dir/C_/Users/igorp/.pico-sdk/sdk/2.1.0/lib/cyw43-driver/src/cyw43_ll.c.obj
 .text.cyw43_ll_sdpcm_poll_device
                0x100050cc      0x238 CMakeFiles/blink.dir/C_/Users/igorp/.pico-sdk/sdk/2.1.0/lib/cyw43-driver/src/cyw43_ll.c.obj
 .text.cyw43_sdpcm_send_common
                0x10005304       0xfc CMakeFiles/blink.dir/C_/Users/igorp/.pico-sdk/sdk/2.1.0/lib/cyw43-driver/src/cyw43_ll.c.obj
 .text.cyw43_do_ioctl.part.0
                0x10005400       0xc4 CMakeFiles/blink.dir/C_/Users/igorp/.pico-sdk/sdk/2.1.0/lib/cyw43-driver/src/cyw43_ll.c.obj
 .text.cyw43_download_resource
                0x100054c4       0xd0 CMakeFiles/blink.dir/C_/Users/igorp/.pico-sdk/sdk/2.1.0/lib/cyw43-driver/src/cyw43_ll.c.obj
 .text.cyw43_write_iovar_u32.constprop.0
                0x10005594       0x98 CMakeFiles/blink.dir/C_/Users/igorp/.pico-sdk/sdk/2.1.0/lib/cyw43-driver/src/cyw43_ll.c.obj
 .text.cyw43_write_iovar_n
                0x1000562c       0x8c CMakeFiles/blink.dir/C_/Users/igorp/.pico-sdk/sdk/2.1.0/lib/cyw43-driver/src/cyw43_ll.c.obj
 .text.cyw43_read_backplane.constprop.0
                0x100056b8       0xe4 CMakeFiles/blink.dir/C_/Users/igorp/.pico-sdk/sdk/2.1.0/lib/cyw43-driver/src/cyw43_ll.c.obj
 .text.cyw43_write_backplane
                0x1000579c      0x10c CMakeFiles/blink.dir/C_/Users/igorp/.pico-sdk/sdk/2.1.0/lib/cyw43-driver/src/cyw43_ll.c.obj
 .text.reset_device_core.constprop.0
                0x100058a8      0x410 CMakeFiles/blink.dir/C_/Users/igorp/.pico-sdk/sdk/2.1.0/lib/cyw43-driver/src/cyw43_ll.c.obj
 .text.cyw43_ll_init
                0x10005cb8       0x1c CMakeFiles/blink.dir/C_/Users/igorp/.pico-sdk/sdk/2.1.0/lib/cyw43-driver/src/cyw43_ll.c.obj
                0x10005cb8                cyw43_ll_init
 .text.cyw43_ll_deinit
                0x10005cd4        0x8 CMakeFiles/blink.dir/C_/Users/igorp/.pico-sdk/sdk/2.1.0/lib/cyw43-driver/src/cyw43_ll.c.obj
                0x10005cd4                cyw43_ll_deinit
 .text.cyw43_ll_process_packets
                0x10005cdc       0x54 CMakeFiles/blink.dir/C_/Users/igorp/.pico-sdk/sdk/2.1.0/lib/cyw43-driver/src/cyw43_ll.c.obj
                0x10005cdc                cyw43_ll_process_packets
 .text.cyw43_ll_ioctl
                0x10005d30       0x80 CMakeFiles/blink.dir/C_/Users/igorp/.pico-sdk/sdk/2.1.0/lib/cyw43-driver/src/cyw43_ll.c.obj
                0x10005d30                cyw43_ll_ioctl
 .text.cyw43_ll_bus_sleep
                0x10005db0       0x34 CMakeFiles/blink.dir/C_/Users/igorp/.pico-sdk/sdk/2.1.0/lib/cyw43-driver/src/cyw43_ll.c.obj
                0x10005db0                cyw43_ll_bus_sleep
 .text.cyw43_ll_wifi_get_mac
                0x10005de4       0x74 CMakeFiles/blink.dir/C_/Users/igorp/.pico-sdk/sdk/2.1.0/lib/cyw43-driver/src/cyw43_ll.c.obj
                0x10005de4                cyw43_ll_wifi_get_mac
 .text.cyw43_ll_bus_init
                0x10005e58      0x920 CMakeFiles/blink.dir/C_/Users/igorp/.pico-sdk/sdk/2.1.0/lib/cyw43-driver/src/cyw43_ll.c.obj
                0x10005e58                cyw43_ll_bus_init
 .text.cyw43_ll_wifi_set_wpa_auth
                0x10006778       0x4c CMakeFiles/blink.dir/C_/Users/igorp/.pico-sdk/sdk/2.1.0/lib/cyw43-driver/src/cyw43_ll.c.obj
                0x10006778                cyw43_ll_wifi_set_wpa_auth
 .text.cyw43_ll_wifi_rejoin
                0x100067c4       0x58 CMakeFiles/blink.dir/C_/Users/igorp/.pico-sdk/sdk/2.1.0/lib/cyw43-driver/src/cyw43_ll.c.obj
                0x100067c4                cyw43_ll_wifi_rejoin
 .text.cyw43_ll_gpio_set
                0x1000681c       0x94 CMakeFiles/blink.dir/C_/Users/igorp/.pico-sdk/sdk/2.1.0/lib/cyw43-driver/src/cyw43_ll.c.obj
                0x1000681c                cyw43_ll_gpio_set
 .text.cyw43_ll_has_work
                0x100068b0       0x14 CMakeFiles/blink.dir/C_/Users/igorp/.pico-sdk/sdk/2.1.0/lib/cyw43-driver/src/cyw43_ll.c.obj
                0x100068b0                cyw43_ll_has_work
 .text.cyw43_poll_func
                0x100068c4       0xc0 CMakeFiles/blink.dir/C_/Users/igorp/.pico-sdk/sdk/2.1.0/lib/cyw43-driver/src/cyw43_ctrl.c.obj
 .text.cyw43_init
                0x10006984       0x6c CMakeFiles/blink.dir/C_/Users/igorp/.pico-sdk/sdk/2.1.0/lib/cyw43-driver/src/cyw43_ctrl.c.obj
                0x10006984                cyw43_init
 .text.cyw43_deinit
                0x100069f0       0x90 CMakeFiles/blink.dir/C_/Users/igorp/.pico-sdk/sdk/2.1.0/lib/cyw43-driver/src/cyw43_ctrl.c.obj
                0x100069f0                cyw43_deinit
 .text.cyw43_cb_read_host_interrupt_pin
                0x10006a80        0xc CMakeFiles/blink.dir/C_/Users/igorp/.pico-sdk/sdk/2.1.0/lib/cyw43-driver/src/cyw43_ctrl.c.obj
                0x10006a80                cyw43_cb_read_host_interrupt_pin
 .text.cyw43_cb_ensure_awake
                0x10006a8c        0xc CMakeFiles/blink.dir/C_/Users/igorp/.pico-sdk/sdk/2.1.0/lib/cyw43-driver/src/cyw43_ctrl.c.obj
                0x10006a8c                cyw43_cb_ensure_awake
 .text.cyw43_cb_process_async_event
                0x10006a98      0x214 CMakeFiles/blink.dir/C_/Users/igorp/.pico-sdk/sdk/2.1.0/lib/cyw43-driver/src/cyw43_ctrl.c.obj
                0x10006a98                cyw43_cb_process_async_event
 .text.cyw43_gpio_set
                0x10006cac       0xa0 CMakeFiles/blink.dir/C_/Users/igorp/.pico-sdk/sdk/2.1.0/lib/cyw43-driver/src/cyw43_ctrl.c.obj
                0x10006cac                cyw43_gpio_set
 .text.pio_sm_set_pindirs_with_mask64
                0x10006d4c       0xac CMakeFiles/blink.dir/C_/Users/igorp/.pico-sdk/sdk/2.1.0/src/rp2_common/hardware_pio/pio.c.obj
                0x10006d4c                pio_sm_set_pindirs_with_mask64
 .text.pio_sm_set_consecutive_pindirs
                0x10006df8       0xb4 CMakeFiles/blink.dir/C_/Users/igorp/.pico-sdk/sdk/2.1.0/src/rp2_common/hardware_pio/pio.c.obj
                0x10006df8                pio_sm_set_consecutive_pindirs
 .text.pio_claim_free_sm_and_add_program_for_gpio_range
                0x10006eac      0x18c CMakeFiles/blink.dir/C_/Users/igorp/.pico-sdk/sdk/2.1.0/src/rp2_common/hardware_pio/pio.c.obj
                0x10006eac                pio_claim_free_sm_and_add_program_for_gpio_range
 .text.pio_remove_program_and_unclaim_sm
                0x10007038       0x40 CMakeFiles/blink.dir/C_/Users/igorp/.pico-sdk/sdk/2.1.0/src/rp2_common/hardware_pio/pio.c.obj
                0x10007038                pio_remove_program_and_unclaim_sm
 .text.dma_channel_unclaim
                0x10007078       0x14 CMakeFiles/blink.dir/C_/Users/igorp/.pico-sdk/sdk/2.1.0/src/rp2_common/hardware_dma/dma.c.obj
                0x10007078                dma_channel_unclaim
 .text.dma_claim_unused_channel
                0x1000708c       0x24 CMakeFiles/blink.dir/C_/Users/igorp/.pico-sdk/sdk/2.1.0/src/rp2_common/hardware_dma/dma.c.obj
                0x1000708c                dma_claim_unused_channel
 .text.dma_channel_cleanup
                0x100070b0       0x64 CMakeFiles/blink.dir/C_/Users/igorp/.pico-sdk/sdk/2.1.0/src/rp2_common/hardware_dma/dma.c.obj
                0x100070b0                dma_channel_cleanup
 .text.cyw43_sleep_timeout_reached
                0x10007114       0x10 CMakeFiles/blink.dir/C_/Users/igorp/.pico-sdk/sdk/2.1.0/src/rp2_common/pico_cyw43_driver/cyw43_driver.c.obj
 .text.cyw43_irq_init
                0x10007124       0x28 CMakeFiles/blink.dir/C_/Users/igorp/.pico-sdk/sdk/2.1.0/src/rp2_common/pico_cyw43_driver/cyw43_driver.c.obj
                0x10007124                cyw43_irq_init
 .text.cyw43_irq_deinit
                0x1000714c       0x20 CMakeFiles/blink.dir/C_/Users/igorp/.pico-sdk/sdk/2.1.0/src/rp2_common/pico_cyw43_driver/cyw43_driver.c.obj
                0x1000714c                cyw43_irq_deinit
 .text.cyw43_gpio_irq_handler
                0x1000716c       0x44 CMakeFiles/blink.dir/C_/Users/igorp/.pico-sdk/sdk/2.1.0/src/rp2_common/pico_cyw43_driver/cyw43_driver.c.obj
 .text.cyw43_do_poll
                0x100071b0       0x70 CMakeFiles/blink.dir/C_/Users/igorp/.pico-sdk/sdk/2.1.0/src/rp2_common/pico_cyw43_driver/cyw43_driver.c.obj
 .text.cyw43_post_poll_hook
                0x10007220       0x10 CMakeFiles/blink.dir/C_/Users/igorp/.pico-sdk/sdk/2.1.0/src/rp2_common/pico_cyw43_driver/cyw43_driver.c.obj
                0x10007220                cyw43_post_poll_hook
 .text.cyw43_schedule_internal_poll_dispatch
                0x10007230       0x18 CMakeFiles/blink.dir/C_/Users/igorp/.pico-sdk/sdk/2.1.0/src/rp2_common/pico_cyw43_driver/cyw43_driver.c.obj
                0x10007230                cyw43_schedule_internal_poll_dispatch
 .text.cyw43_driver_init
                0x10007248       0x38 CMakeFiles/blink.dir/C_/Users/igorp/.pico-sdk/sdk/2.1.0/src/rp2_common/pico_cyw43_driver/cyw43_driver.c.obj
                0x10007248                cyw43_driver_init
 .text.cyw43_driver_deinit
                0x10007280       0x44 CMakeFiles/blink.dir/C_/Users/igorp/.pico-sdk/sdk/2.1.0/src/rp2_common/pico_cyw43_driver/cyw43_driver.c.obj
                0x10007280                cyw43_driver_deinit
 .text.cyw43_hal_generate_laa_mac
                0x100072c4       0x28 CMakeFiles/blink.dir/C_/Users/igorp/.pico-sdk/sdk/2.1.0/src/rp2_common/pico_cyw43_driver/cyw43_driver.c.obj
                0x100072c4                cyw43_hal_generate_laa_mac
 .text.cyw43_thread_enter
                0x100072ec       0x14 CMakeFiles/blink.dir/C_/Users/igorp/.pico-sdk/sdk/2.1.0/src/rp2_common/pico_cyw43_driver/cyw43_driver.c.obj
                0x100072ec                cyw43_thread_enter
 .text.cyw43_thread_exit
                0x10007300       0x14 CMakeFiles/blink.dir/C_/Users/igorp/.pico-sdk/sdk/2.1.0/src/rp2_common/pico_cyw43_driver/cyw43_driver.c.obj
                0x10007300                cyw43_thread_exit
 .text.cyw43_await_background_or_timeout_us
                0x10007314       0x64 CMakeFiles/blink.dir/C_/Users/igorp/.pico-sdk/sdk/2.1.0/src/rp2_common/pico_cyw43_driver/cyw43_driver.c.obj
                0x10007314                cyw43_await_background_or_timeout_us
 .text.cyw43_delay_ms
                0x10007378       0x48 CMakeFiles/blink.dir/C_/Users/igorp/.pico-sdk/sdk/2.1.0/src/rp2_common/pico_cyw43_driver/cyw43_driver.c.obj
                0x10007378                cyw43_delay_ms
 .text.cyw43_cb_tcpip_deinit
                0x100073c0        0x4 CMakeFiles/blink.dir/C_/Users/igorp/.pico-sdk/sdk/2.1.0/src/rp2_common/pico_cyw43_driver/cyw43_driver.c.obj
                0x100073c0                cyw43_cb_tcpip_deinit
 .text.cyw43_cb_tcpip_set_link_up
                0x100073c4        0xc CMakeFiles/blink.dir/C_/Users/igorp/.pico-sdk/sdk/2.1.0/src/rp2_common/pico_cyw43_driver/cyw43_driver.c.obj
                0x100073c4                cyw43_cb_tcpip_set_link_up
 .text.cyw43_cb_tcpip_set_link_down
                0x100073d0        0xc CMakeFiles/blink.dir/C_/Users/igorp/.pico-sdk/sdk/2.1.0/src/rp2_common/pico_cyw43_driver/cyw43_driver.c.obj
                0x100073d0                cyw43_cb_tcpip_set_link_down
 .text.cyw43_cb_process_ethernet
                0x100073dc        0xc CMakeFiles/blink.dir/C_/Users/igorp/.pico-sdk/sdk/2.1.0/src/rp2_common/pico_cyw43_driver/cyw43_driver.c.obj
                0x100073dc                cyw43_cb_process_ethernet
 .text.async_context_threadsafe_background_acquire_lock_blocking
                0x100073e8        0xc CMakeFiles/blink.dir/C_/Users/igorp/.pico-sdk/sdk/2.1.0/src/rp2_common/pico_async_context/async_context_threadsafe_background.c.obj
 .text.alarm_handler
                0x100073f4       0x20 CMakeFiles/blink.dir/C_/Users/igorp/.pico-sdk/sdk/2.1.0/src/rp2_common/pico_async_context/async_context_threadsafe_background.c.obj
 .text.async_context_threadsafe_background_set_work_pending
                0x10007414       0x1c CMakeFiles/blink.dir/C_/Users/igorp/.pico-sdk/sdk/2.1.0/src/rp2_common/pico_async_context/async_context_threadsafe_background.c.obj
 .text.process_under_lock
                0x10007430       0xcc CMakeFiles/blink.dir/C_/Users/igorp/.pico-sdk/sdk/2.1.0/src/rp2_common/pico_async_context/async_context_threadsafe_background.c.obj
 .text.async_context_threadsafe_background_execute_sync
                0x100074fc       0x30 CMakeFiles/blink.dir/C_/Users/igorp/.pico-sdk/sdk/2.1.0/src/rp2_common/pico_async_context/async_context_threadsafe_background.c.obj
                0x100074fc                async_context_threadsafe_background_execute_sync
 .text.async_context_threadsafe_background_deinit
                0x1000752c       0x54 CMakeFiles/blink.dir/C_/Users/igorp/.pico-sdk/sdk/2.1.0/src/rp2_common/pico_async_context/async_context_threadsafe_background.c.obj
 .text.low_priority_irq_handler
                0x10007580       0x3c CMakeFiles/blink.dir/C_/Users/igorp/.pico-sdk/sdk/2.1.0/src/rp2_common/pico_async_context/async_context_threadsafe_background.c.obj
 .text.async_context_threadsafe_background_wait_for_work_until
                0x100075bc        0xc CMakeFiles/blink.dir/C_/Users/igorp/.pico-sdk/sdk/2.1.0/src/rp2_common/pico_async_context/async_context_threadsafe_background.c.obj
 .text.async_context_threadsafe_background_wait_until
                0x100075c8       0x1c CMakeFiles/blink.dir/C_/Users/igorp/.pico-sdk/sdk/2.1.0/src/rp2_common/pico_async_context/async_context_threadsafe_background.c.obj
 .text.async_context_threadsafe_background_lock_check
                0x100075e4       0x28 CMakeFiles/blink.dir/C_/Users/igorp/.pico-sdk/sdk/2.1.0/src/rp2_common/pico_async_context/async_context_threadsafe_background.c.obj
 .text.async_context_threadsafe_background_release_lock
                0x1000760c       0x1c CMakeFiles/blink.dir/C_/Users/igorp/.pico-sdk/sdk/2.1.0/src/rp2_common/pico_async_context/async_context_threadsafe_background.c.obj
 .text.async_context_threadsafe_background_add_at_time_worker
                0x10007628       0x34 CMakeFiles/blink.dir/C_/Users/igorp/.pico-sdk/sdk/2.1.0/src/rp2_common/pico_async_context/async_context_threadsafe_background.c.obj
 .text.async_context_threadsafe_background_remove_at_time_worker
                0x1000765c       0x34 CMakeFiles/blink.dir/C_/Users/igorp/.pico-sdk/sdk/2.1.0/src/rp2_common/pico_async_context/async_context_threadsafe_background.c.obj
 .text.async_context_threadsafe_background_add_when_pending_worker
                0x10007690       0x34 CMakeFiles/blink.dir/C_/Users/igorp/.pico-sdk/sdk/2.1.0/src/rp2_common/pico_async_context/async_context_threadsafe_background.c.obj
 .text.async_context_threadsafe_background_when_pending_worker
                0x100076c4       0x34 CMakeFiles/blink.dir/C_/Users/igorp/.pico-sdk/sdk/2.1.0/src/rp2_common/pico_async_context/async_context_threadsafe_background.c.obj
 .text.async_context_threadsafe_background_default_config
                0x100076f8        0xc CMakeFiles/blink.dir/C_/Users/igorp/.pico-sdk/sdk/2.1.0/src/rp2_common/pico_async_context/async_context_threadsafe_background.c.obj
                0x100076f8                async_context_threadsafe_background_default_config
 .text.async_context_threadsafe_background_init
                0x10007704       0x8c CMakeFiles/blink.dir/C_/Users/igorp/.pico-sdk/sdk/2.1.0/src/rp2_common/pico_async_context/async_context_threadsafe_background.c.obj
                0x10007704                async_context_threadsafe_background_init
 .text.async_context_base_add_at_time_worker
                0x10007790       0x24 CMakeFiles/blink.dir/C_/Users/igorp/.pico-sdk/sdk/2.1.0/src/rp2_common/pico_async_context/async_context_base.c.obj
                0x10007790                async_context_base_add_at_time_worker
 .text.async_context_base_remove_at_time_worker
                0x100077b4       0x28 CMakeFiles/blink.dir/C_/Users/igorp/.pico-sdk/sdk/2.1.0/src/rp2_common/pico_async_context/async_context_base.c.obj
                0x100077b4                async_context_base_remove_at_time_worker
 .text.async_context_base_add_when_pending_worker
                0x100077dc       0x24 CMakeFiles/blink.dir/C_/Users/igorp/.pico-sdk/sdk/2.1.0/src/rp2_common/pico_async_context/async_context_base.c.obj
                0x100077dc                async_context_base_add_when_pending_worker
 .text.async_context_base_remove_when_pending_worker
                0x10007800       0x28 CMakeFiles/blink.dir/C_/Users/igorp/.pico-sdk/sdk/2.1.0/src/rp2_common/pico_async_context/async_context_base.c.obj
                0x10007800                async_context_base_remove_when_pending_worker
 .text.async_context_base_execute_once
                0x10007828      0x108 CMakeFiles/blink.dir/C_/Users/igorp/.pico-sdk/sdk/2.1.0/src/rp2_common/pico_async_context/async_context_base.c.obj
                0x10007828                async_context_base_execute_once
 .text.memmove  0x10007930       0xb0 C:/Users/igorp/.pico-sdk/toolchain/13_3_Rel1/bin/../lib/gcc/arm-none-eabi/13.3.1/thumb/v6-m/nofp\libg.a(libc_a-memmove.o)
                0x10007930                memmove
 .text.strncmp  0x100079e0       0x74 C:/Users/igorp/.pico-sdk/toolchain/13_3_Rel1/bin/../lib/gcc/arm-none-eabi/13.3.1/thumb/v6-m/nofp\libg.a(libc_a-strncmp.o)
                0x100079e0                strncmp
 .text.strlen   0x10007a54       0x5c C:/Users/igorp/.pico-sdk/toolchain/13_3_Rel1/bin/../lib/gcc/arm-none-eabi/13.3.1/thumb/v6-m/nofp\libg.a(libc_a-strlen-stub.o)
                0x10007a54                strlen
 *(.fini)
 .fini          0x10007ab0        0x4 C:/Users/igorp/.pico-sdk/toolchain/13_3_Rel1/bin/../lib/gcc/arm-none-eabi/13.3.1/thumb/v6-m/nofp/crti.o
                0x10007ab0                _fini
 *fill*         0x10007ab4        0x4 
 .fini.__stub   0x10007ab8       0xa0 linker stubs
 *crtbegin.o(.ctors)
 *crtbegin?.o(.ctors)
 *(EXCLUDE_FILE(*crtend.o *crtend?.o) .ctors)
 *(SORT_BY_NAME(.ctors.*))
 *(.ctors)
 *crtbegin.o(.dtors)
 *crtbegin?.o(.dtors)
 *(EXCLUDE_FILE(*crtend.o *crtend?.o) .dtors)
 *(SORT_BY_NAME(.dtors.*))
 *(.dtors)
                0x10007b58                        . = ALIGN (0x4)
                0x10007b58                        PROVIDE (__preinit_array_start = .)
 *(SORT_BY_NAME(.preinit_array.*))
 .preinit_array.00100
                0x10007b58        0x4 CMakeFiles/blink.dir/C_/Users/igorp/.pico-sdk/sdk/2.1.0/src/rp2_common/pico_runtime_init/runtime_init.c.obj
                0x10007b58                __pre_init_runtime_init_early_resets
 .preinit_array.00101
                0x10007b5c        0x4 CMakeFiles/blink.dir/C_/Users/igorp/.pico-sdk/sdk/2.1.0/src/rp2_common/pico_runtime_init/runtime_init.c.obj
                0x10007b5c                __pre_init_runtime_init_usb_power_down
 .preinit_array.00275
                0x10007b60        0x4 CMakeFiles/blink.dir/C_/Users/igorp/.pico-sdk/sdk/2.1.0/src/rp2_common/pico_bit_ops/bit_ops_aeabi.S.obj
 .preinit_array.00300
                0x10007b64        0x4 CMakeFiles/blink.dir/C_/Users/igorp/.pico-sdk/sdk/2.1.0/src/rp2_common/pico_mem_ops/mem_ops_aeabi.S.obj
 .preinit_array.00350
                0x10007b68        0x4 CMakeFiles/blink.dir/C_/Users/igorp/.pico-sdk/sdk/2.1.0/src/rp2_common/pico_double/double_aeabi_rp2040.S.obj
 .preinit_array.00350
                0x10007b6c        0x4 CMakeFiles/blink.dir/C_/Users/igorp/.pico-sdk/sdk/2.1.0/src/rp2_common/pico_float/float_aeabi_rp2040.S.obj
 .preinit_array.00500
                0x10007b70        0x4 CMakeFiles/blink.dir/C_/Users/igorp/.pico-sdk/sdk/2.1.0/src/rp2_common/pico_runtime_init/runtime_init.c.obj
                0x10007b70                __pre_init_runtime_init_clocks
 .preinit_array.00600
                0x10007b74        0x4 CMakeFiles/blink.dir/C_/Users/igorp/.pico-sdk/sdk/2.1.0/src/rp2_common/pico_runtime_init/runtime_init.c.obj
                0x10007b74                __pre_init_runtime_init_post_clock_resets
 .preinit_array.00700
                0x10007b78        0x4 CMakeFiles/blink.dir/C_/Users/igorp/.pico-sdk/sdk/2.1.0/src/rp2_common/pico_runtime_init/runtime_init.c.obj
                0x10007b78                __pre_init_runtime_init_rp2040_gpio_ie_disable
 .preinit_array.01000
                0x10007b7c        0x4 CMakeFiles/blink.dir/C_/Users/igorp/.pico-sdk/sdk/2.1.0/src/rp2_common/pico_runtime_init/runtime_init.c.obj
                0x10007b7c                __pre_init_runtime_init_spin_locks_reset
 .preinit_array.01100
                0x10007b80        0x4 CMakeFiles/blink.dir/C_/Users/igorp/.pico-sdk/sdk/2.1.0/src/common/pico_sync/mutex.c.obj
                0x10007b80                __pre_init_runtime_init_mutex
 .preinit_array.10080
                0x10007b84        0x4 CMakeFiles/blink.dir/C_/Users/igorp/.pico-sdk/sdk/2.1.0/src/rp2_common/pico_runtime_init/runtime_init.c.obj
                0x10007b84                __pre_init_runtime_init_install_ram_vector_table
 .preinit_array.11000
                0x10007b88        0x4 CMakeFiles/blink.dir/C_/Users/igorp/.pico-sdk/sdk/2.1.0/src/common/pico_time/time.c.obj
                0x10007b88                __pre_init_runtime_init_default_alarm_pool
 .preinit_array.YYYYY
                0x10007b8c        0x4 CMakeFiles/blink.dir/C_/Users/igorp/.pico-sdk/sdk/2.1.0/src/rp2_common/pico_runtime/runtime.c.obj
                0x10007b8c                __pre_init_first_per_core_initializer
 .preinit_array.ZZZZZ.01200
                0x10007b90        0x4 CMakeFiles/blink.dir/C_/Users/igorp/.pico-sdk/sdk/2.1.0/src/rp2_common/hardware_irq/irq.c.obj
                0x10007b90                __pre_init_runtime_init_per_core_irq_priorities
 *(.preinit_array)
                0x10007b94                        PROVIDE (__preinit_array_end = .)
                0x10007b94                        . = ALIGN (0x4)
                0x10007b94                        PROVIDE (__init_array_start = .)
 *(SORT_BY_NAME(.init_array.*))
 *(.init_array)
 .init_array    0x10007b94        0x4 C:/Users/igorp/.pico-sdk/toolchain/13_3_Rel1/bin/../lib/gcc/arm-none-eabi/13.3.1/thumb/v6-m/nofp/crtbegin.o
 .init_array    0x10007b98        0x4 CMakeFiles/blink.dir/C_/Users/igorp/.pico-sdk/sdk/2.1.0/src/rp2_common/pico_unique_id/unique_id.c.obj
                0x10007b9c                        PROVIDE (__init_array_end = .)
                0x10007b9c                        . = ALIGN (0x4)
                [!provide]                        PROVIDE (__fini_array_start = .)
 *(SORT_BY_NAME(.fini_array.*))
 *(.fini_array)
                [!provide]                        PROVIDE (__fini_array_end = .)
 *(.eh_frame*)
 .eh_frame      0x10007b9c        0x0 C:/Users/igorp/.pico-sdk/toolchain/13_3_Rel1/bin/../lib/gcc/arm-none-eabi/13.3.1/thumb/v6-m/nofp/crtbegin.o
                0x10007b9c                        . = ALIGN (0x4)

.glue_7         0x10007b9c        0x0
 .glue_7        0x10007b9c        0x0 linker stubs

.glue_7t        0x10007b9c        0x0
 .glue_7t       0x10007b9c        0x0 linker stubs

.vfp11_veneer   0x10007b9c        0x0
 .vfp11_veneer  0x10007b9c        0x0 linker stubs

.v4_bx          0x10007b9c        0x0
 .v4_bx         0x10007b9c        0x0 linker stubs

.iplt           0x10007b9c        0x0
 .iplt          0x10007b9c        0x0 C:/Users/igorp/.pico-sdk/toolchain/13_3_Rel1/bin/../lib/gcc/arm-none-eabi/13.3.1/thumb/v6-m/nofp/crtbegin.o

.rodata         0x10007ba0    0x37c74
 *(EXCLUDE_FILE(*libm.a: *libc.a:*lib_a-mem*.o *libgcc.a:) .rodata*)
 .rodata.panic.str1.4
                0x10007ba0      0x488 CMakeFiles/blink.dir/C_/Users/igorp/.pico-sdk/sdk/2.1.0/src/rp2_common/pico_platform_panic/panic.c.obj
                                 0x12 (size before relaxing)
 .rodata.user_irq_claim_unused.str1.4
                0x10008028       0x1b CMakeFiles/blink.dir/C_/Users/igorp/.pico-sdk/sdk/2.1.0/src/rp2_common/hardware_irq/irq.c.obj
 .rodata.at_the_end_of_time
                0x10008028        0x8 CMakeFiles/blink.dir/C_/Users/igorp/.pico-sdk/sdk/2.1.0/src/common/pico_time/time.c.obj
                0x10008028                at_the_end_of_time
 .rodata.timer_hardware_alarm_claim.str1.4
                0x10008030       0x22 CMakeFiles/blink.dir/C_/Users/igorp/.pico-sdk/sdk/2.1.0/src/rp2_common/hardware_timer/timer.c.obj
 .rodata.hard_assertion_failure.str1.4
                0x10008030        0xc CMakeFiles/blink.dir/C_/Users/igorp/.pico-sdk/sdk/2.1.0/src/rp2_common/pico_runtime/runtime.c.obj
 .rodata.missing_double_func_shim.str1.4
                0x10008030       0x18 CMakeFiles/blink.dir/C_/Users/igorp/.pico-sdk/sdk/2.1.0/src/rp2_common/pico_double/double_init_rom_rp2040.c.obj
 .rodata.missing_float_func_shim.str1.4
                0x10008030        0x1 CMakeFiles/blink.dir/C_/Users/igorp/.pico-sdk/sdk/2.1.0/src/rp2_common/pico_float/float_init_rom_rp2040.c.obj
 .rodata.str1.4
                0x10008030       0x3c CMakeFiles/blink.dir/C_/Users/igorp/.pico-sdk/sdk/2.1.0/src/rp2_common/pico_standard_binary_info/standard_binary_info.c.obj
 .rodata.__bi_84
                0x10008030        0xc CMakeFiles/blink.dir/C_/Users/igorp/.pico-sdk/sdk/2.1.0/src/rp2_common/pico_standard_binary_info/standard_binary_info.c.obj
 .rodata.__bi_78
                0x1000803c        0xc CMakeFiles/blink.dir/C_/Users/igorp/.pico-sdk/sdk/2.1.0/src/rp2_common/pico_standard_binary_info/standard_binary_info.c.obj
 .rodata.__bi_54
                0x10008048        0xc CMakeFiles/blink.dir/C_/Users/igorp/.pico-sdk/sdk/2.1.0/src/rp2_common/pico_standard_binary_info/standard_binary_info.c.obj
 .rodata.__bi_48
                0x10008054        0xc CMakeFiles/blink.dir/C_/Users/igorp/.pico-sdk/sdk/2.1.0/src/rp2_common/pico_standard_binary_info/standard_binary_info.c.obj
 .rodata.__bi_42
                0x10008060        0xc CMakeFiles/blink.dir/C_/Users/igorp/.pico-sdk/sdk/2.1.0/src/rp2_common/pico_standard_binary_info/standard_binary_info.c.obj
 .rodata.__bi_34
                0x1000806c        0xc CMakeFiles/blink.dir/C_/Users/igorp/.pico-sdk/sdk/2.1.0/src/rp2_common/pico_standard_binary_info/standard_binary_info.c.obj
 .rodata.__bi_26
                0x10008078        0xc CMakeFiles/blink.dir/C_/Users/igorp/.pico-sdk/sdk/2.1.0/src/rp2_common/pico_standard_binary_info/standard_binary_info.c.obj
 .rodata._ftoa.str1.4
                0x10008084       0x15 CMakeFiles/blink.dir/C_/Users/igorp/.pico-sdk/sdk/2.1.0/src/rp2_common/pico_printf/printf.c.obj
 .rodata._vsnprintf
                0x10008084      0x19c CMakeFiles/blink.dir/C_/Users/igorp/.pico-sdk/sdk/2.1.0/src/rp2_common/pico_printf/printf.c.obj
 .rodata.pow10.0
                0x10008220       0x50 CMakeFiles/blink.dir/C_/Users/igorp/.pico-sdk/sdk/2.1.0/src/rp2_common/pico_printf/printf.c.obj
 .rodata.crlf_str.0
                0x10008270        0x2 CMakeFiles/blink.dir/C_/Users/igorp/.pico-sdk/sdk/2.1.0/src/rp2_common/pico_stdio/stdio.c.obj
 .rodata.cyw43_read_bytes.str1.4
                0x10008272       0x1a CMakeFiles/blink.dir/C_/Users/igorp/.pico-sdk/sdk/2.1.0/src/rp2_common/pico_cyw43_driver/cyw43_bus_pio_spi.c.obj
 .rodata.cyw43_write_bytes.str1.4
                0x10008272        0xd CMakeFiles/blink.dir/C_/Users/igorp/.pico-sdk/sdk/2.1.0/src/rp2_common/pico_cyw43_driver/cyw43_bus_pio_spi.c.obj
 *fill*         0x10008272        0x2 
 .rodata.spi_gap01_sample0_program
                0x10008274        0x8 CMakeFiles/blink.dir/C_/Users/igorp/.pico-sdk/sdk/2.1.0/src/rp2_common/pico_cyw43_driver/cyw43_bus_pio_spi.c.obj
 .rodata.spi_gap01_sample0_program_instructions
                0x1000827c        0xc CMakeFiles/blink.dir/C_/Users/igorp/.pico-sdk/sdk/2.1.0/src/rp2_common/pico_cyw43_driver/cyw43_bus_pio_spi.c.obj
 .rodata.cyw43_kso_set.str1.4
                0x10008288       0x23 CMakeFiles/blink.dir/C_/Users/igorp/.pico-sdk/sdk/2.1.0/lib/cyw43-driver/src/cyw43_ll.c.obj
 .rodata.cyw43_ll_sdpcm_poll_device.str1.4
                0x10008288       0x55 CMakeFiles/blink.dir/C_/Users/igorp/.pico-sdk/sdk/2.1.0/lib/cyw43-driver/src/cyw43_ll.c.obj
 .rodata.cyw43_sdpcm_send_common.str1.4
                0x10008288       0x22 CMakeFiles/blink.dir/C_/Users/igorp/.pico-sdk/sdk/2.1.0/lib/cyw43-driver/src/cyw43_ll.c.obj
 .rodata.cyw43_do_ioctl.part.0.str1.4
                0x10008288       0x53 CMakeFiles/blink.dir/C_/Users/igorp/.pico-sdk/sdk/2.1.0/lib/cyw43-driver/src/cyw43_ll.c.obj
 .rodata.reset_device_core.constprop.0.str1.4
                0x10008288       0x1a CMakeFiles/blink.dir/C_/Users/igorp/.pico-sdk/sdk/2.1.0/lib/cyw43-driver/src/cyw43_ll.c.obj
 .rodata.cyw43_ll_wifi_on.str1.4
                0x10008288       0x52 CMakeFiles/blink.dir/C_/Users/igorp/.pico-sdk/sdk/2.1.0/lib/cyw43-driver/src/cyw43_ll.c.obj
 .rodata.cyw43_ll_bus_init.str1.4
                0x10008288       0xea CMakeFiles/blink.dir/C_/Users/igorp/.pico-sdk/sdk/2.1.0/lib/cyw43-driver/src/cyw43_ll.c.obj
 .rodata.cyw43_ll_gpio_set.str1.4
                0x10008288        0x8 CMakeFiles/blink.dir/C_/Users/igorp/.pico-sdk/sdk/2.1.0/lib/cyw43-driver/src/cyw43_ll.c.obj
 .rodata.w43439A0_7_95_49_00_combined
                0x10008288    0x36fd8 CMakeFiles/blink.dir/C_/Users/igorp/.pico-sdk/sdk/2.1.0/lib/cyw43-driver/src/cyw43_ll.c.obj
 .rodata.wifi_nvram_4343
                0x1003f260      0x2e7 CMakeFiles/blink.dir/C_/Users/igorp/.pico-sdk/sdk/2.1.0/lib/cyw43-driver/src/cyw43_ll.c.obj
 *fill*         0x1003f547        0x1 
 .rodata        0x1003f548       0x72 CMakeFiles/blink.dir/C_/Users/igorp/.pico-sdk/sdk/2.1.0/lib/cyw43-driver/src/cyw43_ll.c.obj
 .rodata.cyw43_cb_process_async_event.str1.4
                0x1003f5ba       0x28 CMakeFiles/blink.dir/C_/Users/igorp/.pico-sdk/sdk/2.1.0/lib/cyw43-driver/src/cyw43_ctrl.c.obj
 *fill*         0x1003f5ba        0x2 
 .rodata.cyw43_cb_process_async_event
                0x1003f5bc       0xbc CMakeFiles/blink.dir/C_/Users/igorp/.pico-sdk/sdk/2.1.0/lib/cyw43-driver/src/cyw43_ctrl.c.obj
 .rodata.str1.4
                0x1003f678       0x9e CMakeFiles/blink.dir/C_/Users/igorp/.pico-sdk/sdk/2.1.0/lib/cyw43-driver/src/cyw43_ctrl.c.obj
 .rodata.cyw43_async_event_name_table
                0x1003f678      0x164 CMakeFiles/blink.dir/C_/Users/igorp/.pico-sdk/sdk/2.1.0/lib/cyw43-driver/src/cyw43_ctrl.c.obj
 .rodata.pio_claim_unused_sm.str1.4
                0x1003f7dc       0x24 CMakeFiles/blink.dir/C_/Users/igorp/.pico-sdk/sdk/2.1.0/src/rp2_common/hardware_pio/pio.c.obj
 .rodata.dma_claim_unused_channel.str1.4
                0x1003f7dc       0x1e CMakeFiles/blink.dir/C_/Users/igorp/.pico-sdk/sdk/2.1.0/src/rp2_common/hardware_dma/dma.c.obj
 .rodata.cyw43_cb_tcpip_set_link_up.str1.4
                0x1003f7dc       0x20 CMakeFiles/blink.dir/C_/Users/igorp/.pico-sdk/sdk/2.1.0/src/rp2_common/pico_cyw43_driver/cyw43_driver.c.obj
 .rodata.async_context_threadsafe_background_lock_check.str1.4
                0x1003f7dc       0x20 CMakeFiles/blink.dir/C_/Users/igorp/.pico-sdk/sdk/2.1.0/src/rp2_common/pico_async_context/async_context_threadsafe_background.c.obj
 .rodata.template
                0x1003f7dc       0x38 CMakeFiles/blink.dir/C_/Users/igorp/.pico-sdk/sdk/2.1.0/src/rp2_common/pico_async_context/async_context_threadsafe_background.c.obj
                0x1003f814                        . = ALIGN (0x4)
 *(SORT_BY_ALIGNMENT(SORT_BY_NAME(.flashdata*)))
                0x1003f814                        . = ALIGN (0x4)

.ARM.extab
 *(.ARM.extab* .gnu.linkonce.armextab.*)
                0x1003f814                        __exidx_start = .

.ARM.exidx
 *(.ARM.exidx* .gnu.linkonce.armexidx.*)
                0x1003f814                        __exidx_end = .
                0x1003f814                        . = ALIGN (0x4)
                0x1003f814                        __binary_info_start = .

.binary_info    0x1003f814       0x1c
 *(.binary_info.keep.*)
 .binary_info.keep.__bi_ptr84
                0x1003f814        0x4 CMakeFiles/blink.dir/C_/Users/igorp/.pico-sdk/sdk/2.1.0/src/rp2_common/pico_standard_binary_info/standard_binary_info.c.obj
 .binary_info.keep.__bi_ptr78
                0x1003f818        0x4 CMakeFiles/blink.dir/C_/Users/igorp/.pico-sdk/sdk/2.1.0/src/rp2_common/pico_standard_binary_info/standard_binary_info.c.obj
 .binary_info.keep.__bi_ptr54
                0x1003f81c        0x4 CMakeFiles/blink.dir/C_/Users/igorp/.pico-sdk/sdk/2.1.0/src/rp2_common/pico_standard_binary_info/standard_binary_info.c.obj
 .binary_info.keep.__bi_ptr48
                0x1003f820        0x4 CMakeFiles/blink.dir/C_/Users/igorp/.pico-sdk/sdk/2.1.0/src/rp2_common/pico_standard_binary_info/standard_binary_info.c.obj
 .binary_info.keep.__bi_ptr42
                0x1003f824        0x4 CMakeFiles/blink.dir/C_/Users/igorp/.pico-sdk/sdk/2.1.0/src/rp2_common/pico_standard_binary_info/standard_binary_info.c.obj
 .binary_info.keep.__bi_ptr34
                0x1003f828        0x4 CMakeFiles/blink.dir/C_/Users/igorp/.pico-sdk/sdk/2.1.0/src/rp2_common/pico_standard_binary_info/standard_binary_info.c.obj
 .binary_info.keep.__bi_ptr26
                0x1003f82c        0x4 CMakeFiles/blink.dir/C_/Users/igorp/.pico-sdk/sdk/2.1.0/src/rp2_common/pico_standard_binary_info/standard_binary_info.c.obj
 *(.binary_info.*)
                0x1003f830                        __binary_info_end = .

.rel.dyn        0x1003f830        0x0
 .rel.iplt      0x1003f830        0x0 C:/Users/igorp/.pico-sdk/toolchain/13_3_Rel1/bin/../lib/gcc/arm-none-eabi/13.3.1/thumb/v6-m/nofp/crtbegin.o
                0x1003f830                        . = ALIGN (0x4)

.ram_vector_table
                0x20000000       0xc0
 *(.ram_vector_table)
 .ram_vector_table
                0x20000000       0xc0 CMakeFiles/blink.dir/C_/Users/igorp/.pico-sdk/sdk/2.1.0/src/rp2_common/pico_runtime_init/runtime_init.c.obj
                0x20000000                ram_vector_table

.uninitialized_data
                0x200000c0        0x0
                0x200000c0                        . = ALIGN (0x4)
 *(.uninitialized_data*)

.data           0x200000c0      0x460 load address 0x1003f830
                0x200000c0                        __data_start__ = .
 *(vtable)
 *(.time_critical*)
 .time_critical.sem_acquire_block_until
                0x200000c0       0x68 CMakeFiles/blink.dir/C_/Users/igorp/.pico-sdk/sdk/2.1.0/src/common/pico_sync/sem.c.obj
                0x200000c0                sem_acquire_block_until
 .time_critical.sem_release
                0x20000128       0x4c CMakeFiles/blink.dir/C_/Users/igorp/.pico-sdk/sdk/2.1.0/src/common/pico_sync/sem.c.obj
                0x20000128                sem_release
 .time_critical.recursive_mutex_enter_blocking
                0x20000174       0x50 CMakeFiles/blink.dir/C_/Users/igorp/.pico-sdk/sdk/2.1.0/src/common/pico_sync/mutex.c.obj
                0x20000174                recursive_mutex_enter_blocking
 .time_critical.mutex_try_enter_block_until
                0x200001c4       0x9c CMakeFiles/blink.dir/C_/Users/igorp/.pico-sdk/sdk/2.1.0/src/common/pico_sync/mutex.c.obj
                0x200001c4                mutex_try_enter_block_until
 .time_critical.recursive_mutex_try_enter
                0x20000260       0x50 CMakeFiles/blink.dir/C_/Users/igorp/.pico-sdk/sdk/2.1.0/src/common/pico_sync/mutex.c.obj
                0x20000260                recursive_mutex_try_enter
 .time_critical.mutex_exit
                0x200002b0       0x28 CMakeFiles/blink.dir/C_/Users/igorp/.pico-sdk/sdk/2.1.0/src/common/pico_sync/mutex.c.obj
                0x200002b0                mutex_exit
 .time_critical.recursive_mutex_exit
                0x200002d8       0x44 CMakeFiles/blink.dir/C_/Users/igorp/.pico-sdk/sdk/2.1.0/src/common/pico_sync/mutex.c.obj
                0x200002d8                recursive_mutex_exit
 .time_critical.flash_init_boot2_copyout
                0x2000031c       0x30 CMakeFiles/blink.dir/C_/Users/igorp/.pico-sdk/sdk/2.1.0/src/rp2_common/hardware_flash/flash.c.obj
 .time_critical.flash_enable_xip_via_boot2
                0x2000034c        0xc CMakeFiles/blink.dir/C_/Users/igorp/.pico-sdk/sdk/2.1.0/src/rp2_common/hardware_flash/flash.c.obj
 .time_critical.flash_cs_force
                0x20000358       0x38 CMakeFiles/blink.dir/C_/Users/igorp/.pico-sdk/sdk/2.1.0/src/rp2_common/hardware_flash/flash.c.obj
 .time_critical.flash_do_cmd
                0x20000390       0xc0 CMakeFiles/blink.dir/C_/Users/igorp/.pico-sdk/sdk/2.1.0/src/rp2_common/hardware_flash/flash.c.obj
                0x20000390                flash_do_cmd
 *(.text*)
 .text          0x20000450        0x4 C:/Users/igorp/.pico-sdk/toolchain/13_3_Rel1/bin/../lib/gcc/arm-none-eabi/13.3.1/thumb/v6-m/nofp\libgcc.a(_dvmd_tls.o)
                0x20000450                __aeabi_idiv0
                0x20000450                __aeabi_ldiv0
 *fill*         0x20000454        0x4 
 .text.__stub   0x20000458       0x10 linker stubs
                0x20000468                        . = ALIGN (0x4)
 *(.rodata*)
                0x20000468                        . = ALIGN (0x4)
 *(.data*)
 .data.striped_spin_lock_num
                0x20000468        0x1 CMakeFiles/blink.dir/C_/Users/igorp/.pico-sdk/sdk/2.1.0/src/rp2_common/hardware_sync/sync.c.obj
 *fill*         0x20000469        0x3 
 .data          0x2000046c       0x48 CMakeFiles/blink.dir/C_/Users/igorp/.pico-sdk/sdk/2.1.0/src/rp2_common/hardware_irq/irq_handler_chain.S.obj
                0x2000046c                irq_handler_chain_slots
                0x2000049c                irq_handler_chain_first_slot
                0x200004a6                irq_handler_chain_remove_tail
 .data.default_alarm_pool
                0x200004b4       0x18 CMakeFiles/blink.dir/C_/Users/igorp/.pico-sdk/sdk/2.1.0/src/common/pico_time/time.c.obj
 *fill*         0x200004cc        0x4 
 .data.aeabi_bits_funcs
                0x200004d0       0x10 CMakeFiles/blink.dir/C_/Users/igorp/.pico-sdk/sdk/2.1.0/src/rp2_common/pico_bit_ops/bit_ops_aeabi.S.obj
                0x200004d0                aeabi_bits_funcs
                0x200004e0                aeabi_bits_funcs_end
 .data.aeabi_mem_funcs
                0x200004e0       0x10 CMakeFiles/blink.dir/C_/Users/igorp/.pico-sdk/sdk/2.1.0/src/rp2_common/pico_mem_ops/mem_ops_aeabi.S.obj
                0x200004e0                aeabi_mem_funcs
                0x200004f0                aeabi_mem_funcs_end
 .data.cyw43_poll_worker
                0x200004f0       0x10 CMakeFiles/blink.dir/C_/Users/igorp/.pico-sdk/sdk/2.1.0/src/rp2_common/pico_cyw43_driver/cyw43_driver.c.obj
 .data.sleep_timeout_worker
                0x20000500       0x18 CMakeFiles/blink.dir/C_/Users/igorp/.pico-sdk/sdk/2.1.0/src/rp2_common/pico_cyw43_driver/cyw43_driver.c.obj
                0x20000518                        . = ALIGN (0x4)
 *(.after_data.*)
                0x20000518                        . = ALIGN (0x4)
                0x20000518                        PROVIDE (__mutex_array_start = .)
 *(SORT_BY_NAME(.mutex_array.*))
 *(.mutex_array)
 .mutex_array   0x20000518        0x8 CMakeFiles/blink.dir/C_/Users/igorp/.pico-sdk/sdk/2.1.0/src/rp2_common/pico_stdio/stdio.c.obj
                0x20000520                        PROVIDE (__mutex_array_end = .)
                0x20000520                        . = ALIGN (0x4)
 *(.jcr)
                0x20000520                        . = ALIGN (0x4)

.tm_clone_table
                0x20000520        0x0 load address 0x1003fc90
 .tm_clone_table
                0x20000520        0x0 C:/Users/igorp/.pico-sdk/toolchain/13_3_Rel1/bin/../lib/gcc/arm-none-eabi/13.3.1/thumb/v6-m/nofp/crtbegin.o
 .tm_clone_table
                0x20000520        0x0 C:/Users/igorp/.pico-sdk/toolchain/13_3_Rel1/bin/../lib/gcc/arm-none-eabi/13.3.1/thumb/v6-m/nofp/crtend.o

.igot.plt       0x20000520        0x0 load address 0x1003fc90
 .igot.plt      0x20000520        0x0 C:/Users/igorp/.pico-sdk/toolchain/13_3_Rel1/bin/../lib/gcc/arm-none-eabi/13.3.1/thumb/v6-m/nofp/crtbegin.o

.tdata          0x20000520        0x0 load address 0x1003fc90
                0x20000520                        . = ALIGN (0x4)
 *(.tdata .tdata.* .gnu.linkonce.td.*)
                0x20000520                        __tdata_end = .
                0x20000520                        PROVIDE (__data_end__ = .)
                0x1003f830                        __etext = LOADADDR (.data)

.tbss           0x20000520        0x0 load address 0x1003fc90
                0x20000520                        . = ALIGN (0x4)
                0x20000520                        __bss_start__ = .
                0x20000520                        __tls_base = .
 *(.tbss .tbss.* .gnu.linkonce.tb.*)
 *(.tcommon)
                0x20000520                        __tls_end = .

.bss            0x20000520      0xe78 load address 0x1003fc90
                0x20000520                        . = ALIGN (0x4)
                0x20000520                        __tbss_end = .
 *(SORT_BY_ALIGNMENT(SORT_BY_NAME(.bss*)))
 .bss.cyw43_async_context_threadsafe_background
                0x20000520       0x48 CMakeFiles/blink.dir/C_/Users/igorp/.pico-sdk/sdk/2.1.0/src/rp2_common/pico_cyw43_arch/cyw43_arch_threadsafe_background.c.obj
 .bss.default_alarm_pool_entries
                0x20000568      0x180 CMakeFiles/blink.dir/C_/Users/igorp/.pico-sdk/sdk/2.1.0/src/common/pico_time/time.c.obj
 .bss.sd_table  0x200006e8      0x100 CMakeFiles/blink.dir/C_/Users/igorp/.pico-sdk/sdk/2.1.0/src/rp2_common/pico_double/double_init_rom_rp2040.c.obj
                0x200006e8                sd_table
 .bss._used_instruction_space
                0x200007e8        0x8 CMakeFiles/blink.dir/C_/Users/igorp/.pico-sdk/sdk/2.1.0/src/rp2_common/hardware_pio/pio.c.obj
 .bss.async_context
                0x200007f0        0x4 CMakeFiles/blink.dir/C_/Users/igorp/.pico-sdk/sdk/2.1.0/src/rp2_common/pico_cyw43_arch/cyw43_arch.c.obj
 .bss.async_contexts_by_user_irq
                0x200007f4       0x18 CMakeFiles/blink.dir/C_/Users/igorp/.pico-sdk/sdk/2.1.0/src/rp2_common/pico_async_context/async_context_threadsafe_background.c.obj
 .bss.boot2_copyout
                0x2000080c      0x100 CMakeFiles/blink.dir/C_/Users/igorp/.pico-sdk/sdk/2.1.0/src/rp2_common/hardware_flash/flash.c.obj
 .bss.bus_data_instance
                0x2000090c       0x10 CMakeFiles/blink.dir/C_/Users/igorp/.pico-sdk/sdk/2.1.0/src/rp2_common/pico_cyw43_driver/cyw43_bus_pio_spi.c.obj
 .bss.claimed   0x2000091c        0x1 CMakeFiles/blink.dir/C_/Users/igorp/.pico-sdk/sdk/2.1.0/src/rp2_common/hardware_timer/timer.c.obj
 *fill*         0x2000091d        0x3 
 .bss.claimed   0x20000920        0x1 CMakeFiles/blink.dir/C_/Users/igorp/.pico-sdk/sdk/2.1.0/src/rp2_common/hardware_pio/pio.c.obj
 *fill*         0x20000921        0x3 
 .bss.configured_freq
                0x20000924       0x28 CMakeFiles/blink.dir/C_/Users/igorp/.pico-sdk/sdk/2.1.0/src/rp2_common/hardware_clocks/clocks.c.obj
 .bss.cyw43_async_context
                0x2000094c        0x4 CMakeFiles/blink.dir/C_/Users/igorp/.pico-sdk/sdk/2.1.0/src/rp2_common/pico_cyw43_driver/cyw43_driver.c.obj
 .bss.cyw43_poll
                0x20000950        0x4 CMakeFiles/blink.dir/C_/Users/igorp/.pico-sdk/sdk/2.1.0/lib/cyw43-driver/src/cyw43_ctrl.c.obj
                0x20000950                cyw43_poll
 .bss.cyw43_sleep
                0x20000954        0x4 CMakeFiles/blink.dir/C_/Users/igorp/.pico-sdk/sdk/2.1.0/lib/cyw43-driver/src/cyw43_ctrl.c.obj
                0x20000954                cyw43_sleep
 .bss.cyw43_state
                0x20000958      0x8ec CMakeFiles/blink.dir/C_/Users/igorp/.pico-sdk/sdk/2.1.0/lib/cyw43-driver/src/cyw43_ctrl.c.obj
                0x20000958                cyw43_state
 .bss.drivers   0x20001244        0x4 CMakeFiles/blink.dir/C_/Users/igorp/.pico-sdk/sdk/2.1.0/src/rp2_common/pico_stdio/stdio.c.obj
 .bss.filter    0x20001248        0x4 CMakeFiles/blink.dir/C_/Users/igorp/.pico-sdk/sdk/2.1.0/src/rp2_common/pico_stdio/stdio.c.obj
 .bss.lazy_vsnprintf
                0x2000124c        0x4 CMakeFiles/blink.dir/C_/Users/igorp/.pico-sdk/sdk/2.1.0/src/rp2_common/pico_printf/printf.c.obj
 .bss.object.0  0x20001250       0x18 C:/Users/igorp/.pico-sdk/toolchain/13_3_Rel1/bin/../lib/gcc/arm-none-eabi/13.3.1/thumb/v6-m/nofp/crtbegin.o
 .bss.pools     0x20001268       0x10 CMakeFiles/blink.dir/C_/Users/igorp/.pico-sdk/sdk/2.1.0/src/common/pico_time/time.c.obj
 .bss.raw_irq_mask
                0x20001278        0x8 CMakeFiles/blink.dir/C_/Users/igorp/.pico-sdk/sdk/2.1.0/src/rp2_common/hardware_gpio/gpio.c.obj
 .bss.retrieved_id
                0x20001280        0x8 CMakeFiles/blink.dir/C_/Users/igorp/.pico-sdk/sdk/2.1.0/src/rp2_common/pico_unique_id/unique_id.c.obj
 .bss.sf_clz_func
                0x20001288        0x4 CMakeFiles/blink.dir/C_/Users/igorp/.pico-sdk/sdk/2.1.0/src/rp2_common/pico_double/double_init_rom_rp2040.c.obj
                0x20001288                sf_clz_func
 .bss.sf_table  0x2000128c      0x100 CMakeFiles/blink.dir/C_/Users/igorp/.pico-sdk/sdk/2.1.0/src/rp2_common/pico_float/float_init_rom_rp2040.c.obj
                0x2000128c                sf_table
 .bss.sleep_notifier
                0x2000138c        0x4 CMakeFiles/blink.dir/C_/Users/igorp/.pico-sdk/sdk/2.1.0/src/common/pico_time/time.c.obj
 .bss._claimed  0x20001390        0x2 CMakeFiles/blink.dir/C_/Users/igorp/.pico-sdk/sdk/2.1.0/src/rp2_common/hardware_dma/dma.c.obj
 .bss.last_spi_int.0
                0x20001392        0x2 CMakeFiles/blink.dir/C_/Users/igorp/.pico-sdk/sdk/2.1.0/lib/cyw43-driver/src/cyw43_ll.c.obj
 .bss.boot2_copyout_valid
                0x20001394        0x1 CMakeFiles/blink.dir/C_/Users/igorp/.pico-sdk/sdk/2.1.0/src/rp2_common/hardware_flash/flash.c.obj
 .bss.irq_handler_chain_free_slot_head
                0x20001395        0x1 CMakeFiles/blink.dir/C_/Users/igorp/.pico-sdk/sdk/2.1.0/src/rp2_common/hardware_irq/irq.c.obj
 .bss.user_irq_claimed
                0x20001396        0x1 CMakeFiles/blink.dir/C_/Users/igorp/.pico-sdk/sdk/2.1.0/src/rp2_common/hardware_irq/irq.c.obj
 *(COMMON)
                0x20001398                        . = ALIGN (0x4)
 *fill*         0x20001397        0x1 
                0x20001398                        __bss_end__ = .

.heap           0x20001398      0x800 load address 0x1003fc90
                0x20001398                        __end__ = .
                0x20001398                        end = __end__
 *(.heap*)
 .heap          0x20001398      0x800 CMakeFiles/blink.dir/C_/Users/igorp/.pico-sdk/sdk/2.1.0/src/rp2_common/pico_crt0/crt0.S.obj
                0x20040000                        __HeapLimit = (ORIGIN (RAM) + LENGTH (RAM))

.scratch_x      0x20040000        0x0 load address 0x1003fc90
                0x20040000                        __scratch_x_start__ = .
 *(.scratch_x.*)
                0x20040000                        . = ALIGN (0x4)
                0x20040000                        __scratch_x_end__ = .
                0x1003fc90                        __scratch_x_source__ = LOADADDR (.scratch_x)

.scratch_y      0x20041000        0x0 load address 0x1003fc90
                0x20041000                        __scratch_y_start__ = .
 *(.scratch_y.*)
                0x20041000                        . = ALIGN (0x4)
                0x20041000                        __scratch_y_end__ = .
                0x1003fc90                        __scratch_y_source__ = LOADADDR (.scratch_y)

.stack1_dummy
 *(.stack1*)

.stack_dummy    0x20041000      0x800
 *(.stack*)
 .stack         0x20041000      0x800 CMakeFiles/blink.dir/C_/Users/igorp/.pico-sdk/sdk/2.1.0/src/rp2_common/pico_crt0/crt0.S.obj

.flash_end      0x1003fc90        0x0
 *(.embedded_end_block*)
                0x1003fc90                        PROVIDE (__flash_binary_end = .)
                0x20040000                        __StackLimit = (ORIGIN (RAM) + LENGTH (RAM))
                0x20041000                        __StackOneTop = (ORIGIN (SCRATCH_X) + LENGTH (SCRATCH_X))
                0x20042000                        __StackTop = (ORIGIN (SCRATCH_Y) + LENGTH (SCRATCH_Y))
                0x20041000                        __StackOneBottom = (__StackOneTop - SIZEOF (.stack1_dummy))
                0x20041800                        __StackBottom = (__StackTop - SIZEOF (.stack_dummy))
                0x20042000                        PROVIDE (__stack = __StackTop)
                [!provide]                        PROVIDE (__heap_start = __end__)
                [!provide]                        PROVIDE (__heap_end = __HeapLimit)
                [!provide]                        PROVIDE (__tls_align = MAX (ALIGNOF (.tdata), ALIGNOF (.tbss)))
                [!provide]                        PROVIDE (__tls_size_align = (((__tls_size + __tls_align) - 0x1) & ~ ((__tls_align - 0x1))))
                [!provide]                        PROVIDE (__arm32_tls_tcb_offset = MAX (0x8, __tls_align))
                [!provide]                        PROVIDE (_end = __end__)
                [!provide]                        PROVIDE (__llvm_libc_heap_limit = __HeapLimit)
                0x00000001                        ASSERT ((__StackLimit >= __HeapLimit), region RAM overflowed)
                0x00000001                        ASSERT (((__binary_info_header_end - __logical_binary_start) <= 0x100), Binary info must be in first 256 bytes of the binary)
LOAD CMakeFiles/blink.dir/blink.c.obj
LOAD CMakeFiles/blink.dir/C_/Users/igorp/.pico-sdk/sdk/2.1.0/src/rp2_common/pico_stdlib/stdlib.c.obj
LOAD CMakeFiles/blink.dir/C_/Users/igorp/.pico-sdk/sdk/2.1.0/src/rp2_common/hardware_gpio/gpio.c.obj
LOAD CMakeFiles/blink.dir/C_/Users/igorp/.pico-sdk/sdk/2.1.0/src/rp2040/pico_platform/platform.c.obj
LOAD CMakeFiles/blink.dir/C_/Users/igorp/.pico-sdk/sdk/2.1.0/src/rp2_common/pico_platform_panic/panic.c.obj
LOAD CMakeFiles/blink.dir/C_/Users/igorp/.pico-sdk/sdk/2.1.0/src/common/hardware_claim/claim.c.obj
LOAD CMakeFiles/blink.dir/C_/Users/igorp/.pico-sdk/sdk/2.1.0/src/rp2_common/hardware_sync/sync.c.obj
LOAD CMakeFiles/blink.dir/C_/Users/igorp/.pico-sdk/sdk/2.1.0/src/rp2_common/hardware_sync_spin_lock/sync_spin_lock.c.obj
LOAD CMakeFiles/blink.dir/C_/Users/igorp/.pico-sdk/sdk/2.1.0/src/rp2_common/hardware_irq/irq.c.obj
LOAD CMakeFiles/blink.dir/C_/Users/igorp/.pico-sdk/sdk/2.1.0/src/rp2_common/hardware_irq/irq_handler_chain.S.obj
LOAD CMakeFiles/blink.dir/C_/Users/igorp/.pico-sdk/sdk/2.1.0/src/common/pico_sync/sem.c.obj
LOAD CMakeFiles/blink.dir/C_/Users/igorp/.pico-sdk/sdk/2.1.0/src/common/pico_sync/lock_core.c.obj
LOAD CMakeFiles/blink.dir/C_/Users/igorp/.pico-sdk/sdk/2.1.0/src/common/pico_sync/mutex.c.obj
LOAD CMakeFiles/blink.dir/C_/Users/igorp/.pico-sdk/sdk/2.1.0/src/common/pico_sync/critical_section.c.obj
LOAD CMakeFiles/blink.dir/C_/Users/igorp/.pico-sdk/sdk/2.1.0/src/common/pico_time/time.c.obj
LOAD CMakeFiles/blink.dir/C_/Users/igorp/.pico-sdk/sdk/2.1.0/src/common/pico_time/timeout_helper.c.obj
LOAD CMakeFiles/blink.dir/C_/Users/igorp/.pico-sdk/sdk/2.1.0/src/rp2_common/hardware_timer/timer.c.obj
LOAD CMakeFiles/blink.dir/C_/Users/igorp/.pico-sdk/sdk/2.1.0/src/common/pico_util/datetime.c.obj
LOAD CMakeFiles/blink.dir/C_/Users/igorp/.pico-sdk/sdk/2.1.0/src/common/pico_util/pheap.c.obj
LOAD CMakeFiles/blink.dir/C_/Users/igorp/.pico-sdk/sdk/2.1.0/src/common/pico_util/queue.c.obj
LOAD CMakeFiles/blink.dir/C_/Users/igorp/.pico-sdk/sdk/2.1.0/src/rp2_common/hardware_uart/uart.c.obj
LOAD CMakeFiles/blink.dir/C_/Users/igorp/.pico-sdk/sdk/2.1.0/src/rp2_common/hardware_clocks/clocks.c.obj
LOAD CMakeFiles/blink.dir/C_/Users/igorp/.pico-sdk/sdk/2.1.0/src/rp2_common/hardware_pll/pll.c.obj
LOAD CMakeFiles/blink.dir/C_/Users/igorp/.pico-sdk/sdk/2.1.0/src/rp2_common/hardware_vreg/vreg.c.obj
LOAD CMakeFiles/blink.dir/C_/Users/igorp/.pico-sdk/sdk/2.1.0/src/rp2_common/hardware_watchdog/watchdog.c.obj
LOAD CMakeFiles/blink.dir/C_/Users/igorp/.pico-sdk/sdk/2.1.0/src/rp2_common/hardware_ticks/ticks.c.obj
LOAD CMakeFiles/blink.dir/C_/Users/igorp/.pico-sdk/sdk/2.1.0/src/rp2_common/pico_bootrom/bootrom.c.obj
LOAD CMakeFiles/blink.dir/C_/Users/igorp/.pico-sdk/sdk/2.1.0/src/rp2_common/pico_bootrom/bootrom_lock.c.obj
LOAD CMakeFiles/blink.dir/C_/Users/igorp/.pico-sdk/sdk/2.1.0/src/rp2_common/hardware_boot_lock/boot_lock.c.obj
LOAD CMakeFiles/blink.dir/C_/Users/igorp/.pico-sdk/sdk/2.1.0/src/rp2_common/pico_flash/flash.c.obj
LOAD CMakeFiles/blink.dir/C_/Users/igorp/.pico-sdk/sdk/2.1.0/src/rp2_common/hardware_xosc/xosc.c.obj
LOAD CMakeFiles/blink.dir/C_/Users/igorp/.pico-sdk/sdk/2.1.0/src/rp2_common/hardware_divider/divider.S.obj
LOAD CMakeFiles/blink.dir/C_/Users/igorp/.pico-sdk/sdk/2.1.0/src/rp2_common/pico_runtime/runtime.c.obj
LOAD CMakeFiles/blink.dir/C_/Users/igorp/.pico-sdk/sdk/2.1.0/src/rp2_common/pico_runtime_init/runtime_init.c.obj
LOAD CMakeFiles/blink.dir/C_/Users/igorp/.pico-sdk/sdk/2.1.0/src/rp2_common/pico_runtime_init/runtime_init_clocks.c.obj
LOAD CMakeFiles/blink.dir/C_/Users/igorp/.pico-sdk/sdk/2.1.0/src/rp2_common/pico_runtime_init/runtime_init_stack_guard.c.obj
LOAD CMakeFiles/blink.dir/C_/Users/igorp/.pico-sdk/sdk/2.1.0/src/rp2_common/pico_bit_ops/bit_ops_aeabi.S.obj
LOAD CMakeFiles/blink.dir/C_/Users/igorp/.pico-sdk/sdk/2.1.0/src/rp2_common/pico_divider/divider_hardware.S.obj
LOAD CMakeFiles/blink.dir/C_/Users/igorp/.pico-sdk/sdk/2.1.0/src/rp2_common/pico_double/double_aeabi_rp2040.S.obj
LOAD CMakeFiles/blink.dir/C_/Users/igorp/.pico-sdk/sdk/2.1.0/src/rp2_common/pico_double/double_init_rom_rp2040.c.obj
LOAD CMakeFiles/blink.dir/C_/Users/igorp/.pico-sdk/sdk/2.1.0/src/rp2_common/pico_double/double_math.c.obj
LOAD CMakeFiles/blink.dir/C_/Users/igorp/.pico-sdk/sdk/2.1.0/src/rp2_common/pico_double/double_v1_rom_shim_rp2040.S.obj
LOAD CMakeFiles/blink.dir/C_/Users/igorp/.pico-sdk/sdk/2.1.0/src/rp2_common/pico_int64_ops/pico_int64_ops_aeabi.S.obj
LOAD CMakeFiles/blink.dir/C_/Users/igorp/.pico-sdk/sdk/2.1.0/src/rp2_common/pico_float/float_aeabi_rp2040.S.obj
LOAD CMakeFiles/blink.dir/C_/Users/igorp/.pico-sdk/sdk/2.1.0/src/rp2_common/pico_float/float_init_rom_rp2040.c.obj
LOAD CMakeFiles/blink.dir/C_/Users/igorp/.pico-sdk/sdk/2.1.0/src/rp2_common/pico_float/float_math.c.obj
LOAD CMakeFiles/blink.dir/C_/Users/igorp/.pico-sdk/sdk/2.1.0/src/rp2_common/pico_float/float_v1_rom_shim_rp2040.S.obj
LOAD CMakeFiles/blink.dir/C_/Users/igorp/.pico-sdk/sdk/2.1.0/src/rp2_common/pico_malloc/malloc.c.obj
LOAD CMakeFiles/blink.dir/C_/Users/igorp/.pico-sdk/sdk/2.1.0/src/rp2_common/pico_mem_ops/mem_ops_aeabi.S.obj
LOAD CMakeFiles/blink.dir/C_/Users/igorp/.pico-sdk/sdk/2.1.0/src/rp2_common/pico_atomic/atomic.c.obj
LOAD CMakeFiles/blink.dir/C_/Users/igorp/.pico-sdk/sdk/2.1.0/src/rp2_common/pico_cxx_options/new_delete.cpp.obj
LOAD CMakeFiles/blink.dir/C_/Users/igorp/.pico-sdk/sdk/2.1.0/src/rp2_common/pico_standard_binary_info/standard_binary_info.c.obj
LOAD CMakeFiles/blink.dir/C_/Users/igorp/.pico-sdk/sdk/2.1.0/src/rp2_common/pico_printf/printf.c.obj
LOAD CMakeFiles/blink.dir/C_/Users/igorp/.pico-sdk/sdk/2.1.0/src/rp2_common/pico_crt0/crt0.S.obj
LOAD CMakeFiles/blink.dir/C_/Users/igorp/.pico-sdk/sdk/2.1.0/src/rp2_common/pico_clib_interface/newlib_interface.c.obj
LOAD CMakeFiles/blink.dir/C_/Users/igorp/.pico-sdk/sdk/2.1.0/src/rp2_common/pico_stdio/stdio.c.obj
LOAD CMakeFiles/blink.dir/C_/Users/igorp/.pico-sdk/sdk/2.1.0/src/rp2_common/pico_stdio_uart/stdio_uart.c.obj
LOAD CMakeFiles/blink.dir/C_/Users/igorp/.pico-sdk/sdk/2.1.0/src/rp2_common/pico_cyw43_arch/cyw43_arch.c.obj
LOAD CMakeFiles/blink.dir/C_/Users/igorp/.pico-sdk/sdk/2.1.0/src/rp2_common/pico_cyw43_arch/cyw43_arch_poll.c.obj
LOAD CMakeFiles/blink.dir/C_/Users/igorp/.pico-sdk/sdk/2.1.0/src/rp2_common/pico_cyw43_arch/cyw43_arch_threadsafe_background.c.obj
LOAD CMakeFiles/blink.dir/C_/Users/igorp/.pico-sdk/sdk/2.1.0/src/rp2_common/pico_cyw43_arch/cyw43_arch_freertos.c.obj
LOAD CMakeFiles/blink.dir/C_/Users/igorp/.pico-sdk/sdk/2.1.0/src/rp2_common/pico_unique_id/unique_id.c.obj
LOAD CMakeFiles/blink.dir/C_/Users/igorp/.pico-sdk/sdk/2.1.0/src/rp2_common/hardware_flash/flash.c.obj
LOAD CMakeFiles/blink.dir/C_/Users/igorp/.pico-sdk/sdk/2.1.0/src/rp2_common/hardware_xip_cache/xip_cache.c.obj
LOAD CMakeFiles/blink.dir/C_/Users/igorp/.pico-sdk/sdk/2.1.0/src/rp2_common/pico_cyw43_driver/cyw43_bus_pio_spi.c.obj
LOAD CMakeFiles/blink.dir/C_/Users/igorp/.pico-sdk/sdk/2.1.0/lib/cyw43-driver/src/cyw43_ll.c.obj
LOAD CMakeFiles/blink.dir/C_/Users/igorp/.pico-sdk/sdk/2.1.0/lib/cyw43-driver/src/cyw43_stats.c.obj
LOAD CMakeFiles/blink.dir/C_/Users/igorp/.pico-sdk/sdk/2.1.0/lib/cyw43-driver/src/cyw43_lwip.c.obj
LOAD CMakeFiles/blink.dir/C_/Users/igorp/.pico-sdk/sdk/2.1.0/lib/cyw43-driver/src/cyw43_ctrl.c.obj
LOAD CMakeFiles/blink.dir/C_/Users/igorp/.pico-sdk/sdk/2.1.0/src/rp2_common/pico_cyw43_driver/cybt_shared_bus/cybt_shared_bus.c.obj
LOAD CMakeFiles/blink.dir/C_/Users/igorp/.pico-sdk/sdk/2.1.0/src/rp2_common/pico_cyw43_driver/cybt_shared_bus/cybt_shared_bus_driver.c.obj
LOAD CMakeFiles/blink.dir/C_/Users/igorp/.pico-sdk/sdk/2.1.0/src/rp2_common/hardware_pio/pio.c.obj
LOAD CMakeFiles/blink.dir/C_/Users/igorp/.pico-sdk/sdk/2.1.0/src/rp2_common/hardware_dma/dma.c.obj
LOAD CMakeFiles/blink.dir/C_/Users/igorp/.pico-sdk/sdk/2.1.0/src/rp2_common/hardware_exception/exception.c.obj
LOAD CMakeFiles/blink.dir/C_/Users/igorp/.pico-sdk/sdk/2.1.0/src/rp2_common/pico_cyw43_driver/cyw43_driver.c.obj
LOAD CMakeFiles/blink.dir/C_/Users/igorp/.pico-sdk/sdk/2.1.0/src/rp2_common/pico_async_context/async_context_threadsafe_background.c.obj
LOAD CMakeFiles/blink.dir/C_/Users/igorp/.pico-sdk/sdk/2.1.0/src/rp2_common/pico_async_context/async_context_base.c.obj
LOAD pico-sdk/src/rp2040/boot_stage2/CMakeFiles/bs2_default_library.dir/./bs2_default_padded_checksummed.S.obj
LOAD C:/Users/igorp/.pico-sdk/toolchain/13_3_Rel1/bin/../lib/gcc/arm-none-eabi/13.3.1/thumb/v6-m/nofp\libstdc++.a
LOAD C:/Users/igorp/.pico-sdk/toolchain/13_3_Rel1/bin/../lib/gcc/arm-none-eabi/13.3.1/thumb/v6-m/nofp\libm.a
START GROUP
LOAD C:/Users/igorp/.pico-sdk/toolchain/13_3_Rel1/bin/../lib/gcc/arm-none-eabi/13.3.1/thumb/v6-m/nofp\libgcc.a
LOAD C:/Users/igorp/.pico-sdk/toolchain/13_3_Rel1/bin/../lib/gcc/arm-none-eabi/13.3.1/thumb/v6-m/nofp\libg.a
LOAD C:/Users/igorp/.pico-sdk/toolchain/13_3_Rel1/bin/../lib/gcc/arm-none-eabi/13.3.1/thumb/v6-m/nofp\libc.a
END GROUP
START GROUP
LOAD C:/Users/igorp/.pico-sdk/toolchain/13_3_Rel1/bin/../lib/gcc/arm-none-eabi/13.3.1/thumb/v6-m/nofp\libgcc.a
LOAD C:/Users/igorp/.pico-sdk/toolchain/13_3_Rel1/bin/../lib/gcc/arm-none-eabi/13.3.1/thumb/v6-m/nofp\libc.a
LOAD C:/Users/igorp/.pico-sdk/toolchain/13_3_Rel1/bin/../lib/gcc/arm-none-eabi/13.3.1/thumb/v6-m/nofp\libnosys.a
END GROUP
LOAD C:/Users/igorp/.pico-sdk/toolchain/13_3_Rel1/bin/../lib/gcc/arm-none-eabi/13.3.1/thumb/v6-m/nofp/crtend.o
LOAD C:/Users/igorp/.pico-sdk/toolchain/13_3_Rel1/bin/../lib/gcc/arm-none-eabi/13.3.1/thumb/v6-m/nofp/crtn.o
OUTPUT(blink.elf elf32-littlearm)
LOAD linker stubs

.ARM.attributes
                0x00000000       0x28
 .ARM.attributes
                0x00000000       0x1e C:/Users/igorp/.pico-sdk/toolchain/13_3_Rel1/bin/../lib/gcc/arm-none-eabi/13.3.1/thumb/v6-m/nofp/crti.o
 .ARM.attributes
                0x0000001e       0x2c C:/Users/igorp/.pico-sdk/toolchain/13_3_Rel1/bin/../lib/gcc/arm-none-eabi/13.3.1/thumb/v6-m/nofp/crtbegin.o
 .ARM.attributes
                0x0000004a       0x2c CMakeFiles/blink.dir/blink.c.obj
 .ARM.attributes
                0x00000076       0x2c CMakeFiles/blink.dir/C_/Users/igorp/.pico-sdk/sdk/2.1.0/src/rp2_common/hardware_gpio/gpio.c.obj
 .ARM.attributes